Job started: Sun Jun 28 15:20:01 BST 2026
Node: alice-node041.eth.local
Job ID: 6601258

=================================================================
ichorCNA Anomaly Scanner
=================================================================

Seg files found:   34
Samples to scan:   34

ichorCNA summary loaded: 34 samples

Computing expected logR per CN state per sample...

Expected logR table (showing all samples):
Sample     |     TF | Ploidy |    MAD |  E[cn=1] |  E[cn=2] |  E[cn=3] |  E[cn=4] |  E[cn=5] | HLAMP_flag
--------------------------------------------------------------------------------------------------------- 
B1_S01     | 0.0635 |  2.032 | 0.03457 |  -0.0473 |  -0.0014 |   0.0430 |   0.0861 |   0.1279 |     0.0640
B1_S02     | 0.0535 |  2.236 | 0.04151 |  -0.0433 |  -0.0082 |   0.0262 |   0.0597 |   0.0925 |     0.0462
B1_S03     | 0.0188 |  2.053 | 0.03754 |  -0.0140 |  -0.0007 |   0.0125 |   0.0255 |   0.0385 |     0.0192
B1_S04     | 0.0292 |  2.333 | 0.03578 |  -0.0243 |  -0.0060 |   0.0120 |   0.0298 |   0.0474 |     0.0237
B1_S05     | 0.0384 |  1.952 | 0.04181 |  -0.0273 |   0.0014 |   0.0294 |   0.0570 |   0.0840 |     0.0420
B2_S01     | 0.1718 |  2.206 | 0.04150 |  -0.1423 |  -0.0233 |   0.0866 |   0.1887 |   0.2840 |     0.1420
B2_S02     | 0.0447 |  2.162 | 0.03369 |  -0.0351 |  -0.0048 |   0.0248 |   0.0539 |   0.0824 |     0.0412
B2_S03     | 0.0839 |  2.053 | 0.03603 |  -0.0635 |  -0.0031 |   0.0548 |   0.1105 |   0.1641 |     0.0821
B2_S04     | 0.4552 |  2.299 | 0.04110 |  -0.4290 |  -0.0880 |   0.1875 |   0.4188 |   0.6180 |     0.3090
B2_S05     | 0.5769 |  1.997 | 0.04274 |  -0.4901 |   0.0012 |   0.3671 |   0.6587 |   0.9011 |     0.4506
B2_S06     | 0.5066 |  2.001 | 0.03676 |  -0.4216 |  -0.0004 |   0.3253 |   0.5908 |   0.8150 |     0.4075
B2_S07     | 0.2236 |  2.004 | 0.04984 |  -0.1714 |  -0.0006 |   0.1520 |   0.2901 |   0.4161 |     0.2080
B2_S08     | 0.2838 |  1.767 | 0.03199 |  -0.1897 |   0.0530 |   0.2607 |   0.4422 |   0.6034 |     0.3017
B2_S09     | 0.0171 |  2.024 | 0.04064 |  -0.0126 |  -0.0003 |   0.0119 |   0.0240 |   0.0359 |     0.0180
B2_S10     | 0.0155 |  2.147 | 0.03979 |  -0.0120 |  -0.0015 |   0.0089 |   0.0192 |   0.0295 |     0.0147
B2_S11     | 0.0157 |  1.955 | 0.04176 |  -0.0111 |   0.0005 |   0.0120 |   0.0235 |   0.0348 |     0.0174
B2_S12     | 0.0715 |  2.172 | 0.04502 |  -0.0568 |  -0.0082 |   0.0388 |   0.0843 |   0.1285 |     0.0642
B2_S13     | 0.0234 |  2.375 | 0.04009 |  -0.0197 |  -0.0053 |   0.0088 |   0.0229 |   0.0368 |     0.0184
B2_S14     | 0.0251 |  2.156 | 0.04279 |  -0.0196 |  -0.0026 |   0.0141 |   0.0307 |   0.0470 |     0.0235
B2_S15     | 0.2478 |  2.598 | 0.04340 |  -0.2386 |  -0.0847 |   0.0543 |   0.1811 |   0.2976 |     0.1488
B2_S16     | 0.3281 |  2.065 | 0.03690 |  -0.2675 |  -0.0150 |   0.1998 |   0.3868 |   0.5522 |     0.2761
B3_S01     | 0.0364 |  2.357 | 0.04753 |  -0.0305 |  -0.0080 |   0.0142 |   0.0361 |   0.0577 |     0.0288
B3_S02     | 0.0120 |  2.198 | 0.04374 |  -0.0094 |  -0.0016 |   0.0063 |   0.0141 |   0.0218 |     0.0109
B3_S03     | 0.0194 |  2.438 | 0.04999 |  -0.0166 |  -0.0050 |   0.0065 |   0.0179 |   0.0292 |     0.0146
B3_S04     | 0.0488 |  2.035 | 0.05087 |  -0.0362 |  -0.0012 |   0.0330 |   0.0664 |   0.0990 |     0.0495
B3_S05     | 0.0639 |  2.209 | 0.04029 |  -0.0513 |  -0.0087 |   0.0326 |   0.0728 |   0.1119 |     0.0560
B3_S06     | 0.6033 |  2.002 | 0.03558 |  -0.5186 |  -0.0009 |   0.3793 |   0.6800 |   0.9286 |     0.4643
B3_S07     | 0.0086 |  2.543 | 0.05832 |  -0.0075 |  -0.0026 |   0.0022 |   0.0071 |   0.0119 |     0.0060
B3_S08     | 0.6228 |  2.005 | 0.03511 |  -0.5399 |  -0.0022 |   0.3885 |   0.6957 |   0.9488 |     0.4744
B3_S09     | 0.3612 |  2.002 | 0.03876 |  -0.2877 |  -0.0005 |   0.2389 |   0.4441 |   0.6238 |     0.3119
B3_S10     | 0.0143 |  2.408 | 0.03755 |  -0.0121 |  -0.0035 |   0.0051 |   0.0136 |   0.0221 |     0.0110
B3_S11     | 0.0097 |  2.352 | 0.03643 |  -0.0081 |  -0.0021 |   0.0038 |   0.0098 |   0.0157 |     0.0078
B3_S12     | 0.0903 |  2.831 | 0.03469 |  -0.0868 |  -0.0388 |   0.0078 |   0.0528 |   0.0965 |     0.0483
B3_S13     | 0.0199 |  2.327 | 0.03940 |  -0.0165 |  -0.0040 |   0.0083 |   0.0205 |   0.0327 |     0.0163

=================================================================
Scanning all samples for anomalies...
=================================================================

[01/34] B1_S01
  Total segments: 25
  Type A (GAIN + neg logR):     0
  Type B (HETD + pos logR):     0
  Type C (CN discordance >1.0): 1
  Type D (HLAMP below TF-adj):  0  [threshold: 0.0640, expected cn5: 0.1279]
  Total anomalies flagged:      1

[02/34] B1_S02
  Total segments: 28
  Type A (GAIN + neg logR):     1
  Type B (HETD + pos logR):     0
  Type C (CN discordance >1.0): 2
  Type D (HLAMP below TF-adj):  0  [threshold: 0.0462, expected cn5: 0.0925]
  Total anomalies flagged:      3

[03/34] B1_S03
  Total segments: 27
  Type A (GAIN + neg logR):     0
  Type B (HETD + pos logR):     0
  Type C (CN discordance >1.0): 1
  Type D (HLAMP below TF-adj):  0  [threshold: 0.0192, expected cn5: 0.0385]
  Total anomalies flagged:      1

[04/34] B1_S04
  Total segments: 34
  Type A (GAIN + neg logR):     1
  Type B (HETD + pos logR):     0
  Type C (CN discordance >1.0): 1
  Type D (HLAMP below TF-adj):  0  [threshold: 0.0237, expected cn5: 0.0474]
  Total anomalies flagged:      2

[05/34] B1_S05
  Total segments: 27
  Type A (GAIN + neg logR):     0
  Type B (HETD + pos logR):     0
  Type C (CN discordance >1.0): 0
  Type D (HLAMP below TF-adj):  0  [threshold: 0.0420, expected cn5: 0.0840]
  Total anomalies flagged:      0

[06/34] B2_S01
  Total segments: 34
  Type A (GAIN + neg logR):     0
  Type B (HETD + pos logR):     0
  Type C (CN discordance >1.0): 0
  Type D (HLAMP below TF-adj):  0  [threshold: 0.1420, expected cn5: 0.2840]
  Total anomalies flagged:      0

[07/34] B2_S02
  Total segments: 23
  Type A (GAIN + neg logR):     1
  Type B (HETD + pos logR):     0
  Type C (CN discordance >1.0): 1
  Type D (HLAMP below TF-adj):  0  [threshold: 0.0412, expected cn5: 0.0824]
  Total anomalies flagged:      2

[08/34] B2_S03
  Total segments: 42
  Type A (GAIN + neg logR):     0
  Type B (HETD + pos logR):     0
  Type C (CN discordance >1.0): 2
  Type D (HLAMP below TF-adj):  0  [threshold: 0.0821, expected cn5: 0.1641]
  Total anomalies flagged:      2

[09/34] B2_S04
  Total segments: 59
  Type A (GAIN + neg logR):     0
  Type B (HETD + pos logR):     0
  Type C (CN discordance >1.0): 0
  Type D (HLAMP below TF-adj):  0  [threshold: 0.3090, expected cn5: 0.6180]
  Total anomalies flagged:      0

[10/34] B2_S05
  Total segments: 43
  Type A (GAIN + neg logR):     0
  Type B (HETD + pos logR):     0
  Type C (CN discordance >1.0): 0
  Type D (HLAMP below TF-adj):  0  [threshold: 0.4506, expected cn5: 0.9011]
  Total anomalies flagged:      0

[11/34] B2_S06
  Total segments: 26
  Type A (GAIN + neg logR):     0
  Type B (HETD + pos logR):     0
  Type C (CN discordance >1.0): 0
  Type D (HLAMP below TF-adj):  0  [threshold: 0.4075, expected cn5: 0.8150]
  Total anomalies flagged:      0

[12/34] B2_S07
  Total segments: 44
  Type A (GAIN + neg logR):     0
  Type B (HETD + pos logR):     0
  Type C (CN discordance >1.0): 0
  Type D (HLAMP below TF-adj):  0  [threshold: 0.2080, expected cn5: 0.4161]
  Total anomalies flagged:      0

[13/34] B2_S08
  Total segments: 39
  Type A (GAIN + neg logR):     2
  Type B (HETD + pos logR):     0
  Type C (CN discordance >1.0): 2
  Type D (HLAMP below TF-adj):  0  [threshold: 0.3017, expected cn5: 0.6034]
  Total anomalies flagged:      4

[14/34] B2_S09
  Total segments: 24
  Type A (GAIN + neg logR):     0
  Type B (HETD + pos logR):     0
  Type C (CN discordance >1.0): 1
  Type D (HLAMP below TF-adj):  0  [threshold: 0.0180, expected cn5: 0.0359]
  Total anomalies flagged:      1

[15/34] B2_S10
  Total segments: 23
  Type A (GAIN + neg logR):     0
  Type B (HETD + pos logR):     0
  Type C (CN discordance >1.0): 2
  Type D (HLAMP below TF-adj):  0  [threshold: 0.0147, expected cn5: 0.0295]
  Total anomalies flagged:      2

[16/34] B2_S11
  Total segments: 25
  Type A (GAIN + neg logR):     0
  Type B (HETD + pos logR):     0
  Type C (CN discordance >1.0): 1
  Type D (HLAMP below TF-adj):  0  [threshold: 0.0174, expected cn5: 0.0348]
  Total anomalies flagged:      1

[17/34] B2_S12
  Total segments: 45
  Type A (GAIN + neg logR):     0
  Type B (HETD + pos logR):     0
  Type C (CN discordance >1.0): 0
  Type D (HLAMP below TF-adj):  0  [threshold: 0.0642, expected cn5: 0.1285]
  Total anomalies flagged:      0

[18/34] B2_S13
  Total segments: 29
  Type A (GAIN + neg logR):     0
  Type B (HETD + pos logR):     0
  Type C (CN discordance >1.0): 0
  Type D (HLAMP below TF-adj):  0  [threshold: 0.0184, expected cn5: 0.0368]
  Total anomalies flagged:      0

[19/34] B2_S14
  Total segments: 24
  Type A (GAIN + neg logR):     0
  Type B (HETD + pos logR):     0
  Type C (CN discordance >1.0): 1
  Type D (HLAMP below TF-adj):  0  [threshold: 0.0235, expected cn5: 0.0470]
  Total anomalies flagged:      1

[20/34] B2_S15
  Total segments: 41
  Type A (GAIN + neg logR):     8
  Type B (HETD + pos logR):     0
  Type C (CN discordance >1.0): 0
  Type D (HLAMP below TF-adj):  0  [threshold: 0.1488, expected cn5: 0.2976]
  Total anomalies flagged:      8

[21/34] B2_S16
  Total segments: 58
  Type A (GAIN + neg logR):     0
  Type B (HETD + pos logR):     0
  Type C (CN discordance >1.0): 0
  Type D (HLAMP below TF-adj):  0  [threshold: 0.2761, expected cn5: 0.5522]
  Total anomalies flagged:      0

[22/34] B3_S01
  Total segments: 32
  Type A (GAIN + neg logR):     0
  Type B (HETD + pos logR):     0
  Type C (CN discordance >1.0): 1
  Type D (HLAMP below TF-adj):  0  [threshold: 0.0288, expected cn5: 0.0577]
  Total anomalies flagged:      1

[23/34] B3_S02
  Total segments: 23
  Type A (GAIN + neg logR):     0
  Type B (HETD + pos logR):     0
  Type C (CN discordance >1.0): 3
  Type D (HLAMP below TF-adj):  0  [threshold: 0.0109, expected cn5: 0.0218]
  Total anomalies flagged:      3

[24/34] B3_S03
  Total segments: 25
  Type A (GAIN + neg logR):     0
  Type B (HETD + pos logR):     0
  Type C (CN discordance >1.0): 0
  Type D (HLAMP below TF-adj):  0  [threshold: 0.0146, expected cn5: 0.0292]
  Total anomalies flagged:      0

[25/34] B3_S04
  Total segments: 32
  Type A (GAIN + neg logR):     0
  Type B (HETD + pos logR):     0
  Type C (CN discordance >1.0): 0
  Type D (HLAMP below TF-adj):  0  [threshold: 0.0495, expected cn5: 0.0990]
  Total anomalies flagged:      0

[26/34] B3_S05
  Total segments: 28
  Type A (GAIN + neg logR):     1
  Type B (HETD + pos logR):     0
  Type C (CN discordance >1.0): 0
  Type D (HLAMP below TF-adj):  0  [threshold: 0.0560, expected cn5: 0.1119]
  Total anomalies flagged:      1

[27/34] B3_S06
  Total segments: 24
  Type A (GAIN + neg logR):     0
  Type B (HETD + pos logR):     0
  Type C (CN discordance >1.0): 0
  Type D (HLAMP below TF-adj):  0  [threshold: 0.4643, expected cn5: 0.9286]
  Total anomalies flagged:      0

[28/34] B3_S07
  Total segments: 24
  Type A (GAIN + neg logR):     1
  Type B (HETD + pos logR):     0
  Type C (CN discordance >1.0): 5
  Type D (HLAMP below TF-adj):  0  [threshold: 0.0060, expected cn5: 0.0119]
  Total anomalies flagged:      6

[29/34] B3_S08
  Total segments: 56
  Type A (GAIN + neg logR):     0
  Type B (HETD + pos logR):     0
  Type C (CN discordance >1.0): 0
  Type D (HLAMP below TF-adj):  0  [threshold: 0.4744, expected cn5: 0.9488]
  Total anomalies flagged:      0

[30/34] B3_S09
  Total segments: 32
  Type A (GAIN + neg logR):     0
  Type B (HETD + pos logR):     1
  Type C (CN discordance >1.0): 1
  Type D (HLAMP below TF-adj):  0  [threshold: 0.3119, expected cn5: 0.6238]
  Total anomalies flagged:      2

[31/34] B3_S10
  Total segments: 23
  Type A (GAIN + neg logR):     0
  Type B (HETD + pos logR):     0
  Type C (CN discordance >1.0): 1
  Type D (HLAMP below TF-adj):  0  [threshold: 0.0110, expected cn5: 0.0221]
  Total anomalies flagged:      1

[32/34] B3_S11
  Total segments: 22
  Type A (GAIN + neg logR):     0
  Type B (HETD + pos logR):     0
  Type C (CN discordance >1.0): 3
  Type D (HLAMP below TF-adj):  0  [threshold: 0.0078, expected cn5: 0.0157]
  Total anomalies flagged:      3

[33/34] B3_S12
  Total segments: 42
  Type A (GAIN + neg logR):     6
  Type B (HETD + pos logR):     0
  Type C (CN discordance >1.0): 4
  Type D (HLAMP below TF-adj):  0  [threshold: 0.0483, expected cn5: 0.0965]
  Total anomalies flagged:      10

[34/34] B3_S13
  Total segments: 24
  Type A (GAIN + neg logR):     0
  Type B (HETD + pos logR):     0
  Type C (CN discordance >1.0): 1
  Type D (HLAMP below TF-adj):  0  [threshold: 0.0163, expected cn5: 0.0327]
  Total anomalies flagged:      1

Anomaly report saved: /scratch/alice/n/nhsas1/PTCL/ichorCNA/anomaly_report//ichorCNA_anomaly_report.csv
Total anomalous segments across cohort: 56

Summary saved: /scratch/alice/n/nhsas1/PTCL/ichorCNA/anomaly_report//ichorCNA_anomaly_summary.csv
Expected logR table saved: /scratch/alice/n/nhsas1/PTCL/ichorCNA/anomaly_report//ichorCNA_expected_logR.csv

=================================================================
COHORT ANOMALY SUMMARY
=================================================================

Sample     |     TF | Ploidy |  Segs |    TypeA |    TypeB |    TypeC |    TypeD |    TOTAL
------------------------------------------------------------------------------------------ 
B1_S01     | 0.0635 |  2.032 |    25 |        0 |        0 |        1 |        0 |        1 ***
B1_S02     | 0.0535 |  2.236 |    28 |        1 |        0 |        2 |        0 |        3 ***
B1_S03     | 0.0188 |  2.053 |    27 |        0 |        0 |        1 |        0 |        1 ***
B1_S04     | 0.0292 |  2.333 |    34 |        1 |        0 |        1 |        0 |        2 ***
B1_S05     | 0.0384 |  1.952 |    27 |        0 |        0 |        0 |        0 |        0
B2_S01     | 0.1718 |  2.206 |    34 |        0 |        0 |        0 |        0 |        0
B2_S02     | 0.0447 |  2.162 |    23 |        1 |        0 |        1 |        0 |        2 ***
B2_S03     | 0.0839 |  2.053 |    42 |        0 |        0 |        2 |        0 |        2 ***
B2_S04     | 0.4552 |  2.299 |    59 |        0 |        0 |        0 |        0 |        0
B2_S05     | 0.5769 |  1.997 |    43 |        0 |        0 |        0 |        0 |        0
B2_S06     | 0.5066 |  2.001 |    26 |        0 |        0 |        0 |        0 |        0
B2_S07     | 0.2236 |  2.004 |    44 |        0 |        0 |        0 |        0 |        0
B2_S08     | 0.2838 |  1.767 |    39 |        2 |        0 |        2 |        0 |        4 ***
B2_S09     | 0.0171 |  2.024 |    24 |        0 |        0 |        1 |        0 |        1 ***
B2_S10     | 0.0155 |  2.147 |    23 |        0 |        0 |        2 |        0 |        2 ***
B2_S11     | 0.0157 |  1.955 |    25 |        0 |        0 |        1 |        0 |        1 ***
B2_S12     | 0.0715 |  2.172 |    45 |        0 |        0 |        0 |        0 |        0
B2_S13     | 0.0234 |  2.375 |    29 |        0 |        0 |        0 |        0 |        0
B2_S14     | 0.0251 |  2.156 |    24 |        0 |        0 |        1 |        0 |        1 ***
B2_S15     | 0.2478 |  2.598 |    41 |        8 |        0 |        0 |        0 |        8 ***
B2_S16     | 0.3281 |  2.065 |    58 |        0 |        0 |        0 |        0 |        0
B3_S01     | 0.0364 |  2.357 |    32 |        0 |        0 |        1 |        0 |        1 ***
B3_S02     | 0.0120 |  2.198 |    23 |        0 |        0 |        3 |        0 |        3 ***
B3_S03     | 0.0194 |  2.438 |    25 |        0 |        0 |        0 |        0 |        0
B3_S04     | 0.0488 |  2.035 |    32 |        0 |        0 |        0 |        0 |        0
B3_S05     | 0.0639 |  2.209 |    28 |        1 |        0 |        0 |        0 |        1 ***
B3_S06     | 0.6033 |  2.002 |    24 |        0 |        0 |        0 |        0 |        0
B3_S07     | 0.0086 |  2.543 |    24 |        1 |        0 |        5 |        0 |        6 ***
B3_S08     | 0.6228 |  2.005 |    56 |        0 |        0 |        0 |        0 |        0
B3_S09     | 0.3612 |  2.002 |    32 |        0 |        1 |        1 |        0 |        2 ***
B3_S10     | 0.0143 |  2.408 |    23 |        0 |        0 |        1 |        0 |        1 ***
B3_S11     | 0.0097 |  2.352 |    22 |        0 |        0 |        3 |        0 |        3 ***
B3_S12     | 0.0903 |  2.831 |    42 |        6 |        0 |        4 |        0 |       10 ***
B3_S13     | 0.0199 |  2.327 |    24 |        0 |        0 |        1 |        0 |        1 ***

*** = samples with anomalies requiring review

=================================================================
HIGH SEVERITY ANOMALIES (immediate review required)
=================================================================

Sample: B2_S08 | Chr: 6 | logR: -0.5310 | Call: AMP | Expected: 0.4422
  → GAIN/AMP/HLAMP called but logR is NEGATIVE

Sample: B2_S08 | Chr: 17 | logR: -0.5704 | Call: AMP | Expected: 0.4422
  → GAIN/AMP/HLAMP called but logR is NEGATIVE

=================================================================
TYPE D — HLAMP TF-ADJUSTED THRESHOLD EXPLANATION (per sample)
=================================================================

Formula: expected_logR = log2( (TF * cn / ploidy) + (1 - TF) )
HLAMP flag threshold = expected_logR_cn5 * 0.5

Sample     |     TF | Ploidy | E[logR cn=5] | HLAMP flag at
------------------------------------------------------- 
B1_S01     | 0.0635 |  2.032 |     0.1279 |       0.0640
B1_S02     | 0.0535 |  2.236 |     0.0925 |       0.0462
B1_S03     | 0.0188 |  2.053 |     0.0385 |       0.0192
B1_S04     | 0.0292 |  2.333 |     0.0474 |       0.0237
B1_S05     | 0.0384 |  1.952 |     0.0840 |       0.0420
B2_S01     | 0.1718 |  2.206 |     0.2840 |       0.1420
B2_S02     | 0.0447 |  2.162 |     0.0824 |       0.0412
B2_S03     | 0.0839 |  2.053 |     0.1641 |       0.0821
B2_S04     | 0.4552 |  2.299 |     0.6180 |       0.3090
B2_S05     | 0.5769 |  1.997 |     0.9011 |       0.4506
B2_S06     | 0.5066 |  2.001 |     0.8150 |       0.4075
B2_S07     | 0.2236 |  2.004 |     0.4161 |       0.2080
B2_S08     | 0.2838 |  1.767 |     0.6034 |       0.3017
B2_S09     | 0.0171 |  2.024 |     0.0359 |       0.0180
B2_S10     | 0.0155 |  2.147 |     0.0295 |       0.0147
B2_S11     | 0.0157 |  1.955 |     0.0348 |       0.0174
B2_S12     | 0.0715 |  2.172 |     0.1285 |       0.0642
B2_S13     | 0.0234 |  2.375 |     0.0368 |       0.0184
B2_S14     | 0.0251 |  2.156 |     0.0470 |       0.0235
B2_S15     | 0.2478 |  2.598 |     0.2976 |       0.1488
B2_S16     | 0.3281 |  2.065 |     0.5522 |       0.2761
B3_S01     | 0.0364 |  2.357 |     0.0577 |       0.0288
B3_S02     | 0.0120 |  2.198 |     0.0218 |       0.0109
B3_S03     | 0.0194 |  2.438 |     0.0292 |       0.0146
B3_S04     | 0.0488 |  2.035 |     0.0990 |       0.0495
B3_S05     | 0.0639 |  2.209 |     0.1119 |       0.0560
B3_S06     | 0.6033 |  2.002 |     0.9286 |       0.4643
B3_S07     | 0.0086 |  2.543 |     0.0119 |       0.0060
B3_S08     | 0.6228 |  2.005 |     0.9488 |       0.4744
B3_S09     | 0.3612 |  2.002 |     0.6238 |       0.3119
B3_S10     | 0.0143 |  2.408 |     0.0221 |       0.0110
B3_S11     | 0.0097 |  2.352 |     0.0157 |       0.0078
B3_S12     | 0.0903 |  2.831 |     0.0965 |       0.0483
B3_S13     | 0.0199 |  2.327 |     0.0327 |       0.0163

Note: Samples with TF < 0.05 have expected logR for cn=5 < 0.1
      Any HLAMP call in these samples deserves close scrutiny.

=================================================================
Script complete.
Output directory: /scratch/alice/n/nhsas1/PTCL/ichorCNA/anomaly_report/
=================================================================

Job finished: Sun Jun 28 15:20:11 BST 2026
Exit code: 0
STATUS: SUCCESS
