Job started: Mon Jun 29 16:18:55 BST 2026
Node: alice-node037.eth.local
Job ID: 6603313
$WIG
[1] "/scratch/alice/n/nhsas1/PTCL/ichorCNA/wig/B2_S08.wig"

$gcWig
[1] "/scratch/alice/n/nhsas1/PTCL/scripts/ichorCNA/inst/extdata/gc_hg38_1000kb.wig"

$mapWig
[1] "/scratch/alice/n/nhsas1/PTCL/scripts/ichorCNA/inst/extdata/map_hg38_1000kb.wig"

$id
[1] "B2_S08_diploid"

$centromere
[1] "/scratch/alice/n/nhsas1/PTCL/scripts/ichorCNA/inst/extdata/GRCh38.GCA_000001405.2_centromere_acen.txt"

$minMapScore
[1] 0.9

$rmCentromereFlankLength
[1] 1e+05

$normal
[1] "c(0.5,0.6,0.7,0.8,0.9,0.95,0.99)"

$scStates
[1] "c(1,3)"

$lambda
[1] "NULL"

$lambdaScaleHyperParam
[1] 3

$ploidy
[1] "c(2)"

$maxCN
[1] 5

$estimateNormal
[1] TRUE

$estimateScPrevalence
[1] TRUE

$estimatePloidy
[1] TRUE

$maxFracCNASubclone
[1] 0.7

$maxFracGenomeSubclone
[1] 0.5

$minSegmentBins
[1] 50

$altFracThreshold
[1] 0.05

$chrNormalize
[1] "c(1:22)"

$chrTrain
[1] "c(1:22)"

$chrs
[1] "c(1:22)"

$genomeBuild
[1] "hg19"

$genomeStyle
[1] "NCBI"

$normalizeMaleX
[1] TRUE

$minTumFracToCorrect
[1] 0.1

$fracReadsInChrYForMale
[1] 0.001

$includeHOMD
[1] FALSE

$txnE
[1] 0.9999

$txnStrength
[1] 10000

$plotFileType
[1] "pdf"

$plotYLim
[1] "c(-2,2)"

$outDir
[1] "/scratch/alice/n/nhsas1/PTCL/ichorCNA/output/B2_S08_diploid"

$help
[1] FALSE

Job finished: Mon Jun 29 16:20:58 BST 2026
