Loading required package: data.table
Loading required package: stats4
Loading required package: BiocGenerics

Attaching package: ‘BiocGenerics’

The following objects are masked from ‘package:stats’:

    IQR, mad, sd, var, xtabs

The following objects are masked from ‘package:base’:

    anyDuplicated, aperm, append, as.data.frame, basename, cbind,
    colnames, dirname, do.call, duplicated, eval, evalq, Filter, Find,
    get, grep, grepl, intersect, is.unsorted, lapply, Map, mapply,
    match, mget, order, paste, pmax, pmax.int, pmin, pmin.int,
    Position, rank, rbind, Reduce, rownames, sapply, setdiff, sort,
    table, tapply, union, unique, unsplit, which.max, which.min

Loading required package: S4Vectors

Attaching package: ‘S4Vectors’

The following objects are masked from ‘package:data.table’:

    first, second

The following object is masked from ‘package:utils’:

    findMatches

The following objects are masked from ‘package:base’:

    expand.grid, I, unname

Loading required package: IRanges

Attaching package: ‘IRanges’

The following object is masked from ‘package:data.table’:

    shift

Loading required package: GenomeInfoDb

Attaching package: ‘ichorCNA’

The following object is masked from ‘package:HMMcopy’:

    HMMsegment

Warning message:
In (function (seqlevels, genome, new_style)  :
  cannot switch some hg19's seqlevels from UCSC to NCBI style
Error in gzfile(file, "wb") : cannot open the connection
Calls: save.image -> save -> gzfile
In addition: Warning message:
In gzfile(file, "wb") :
  cannot open compressed file '/scratch/alice/n/nhsas1/PTCL/ichorCNA/output/B2_S08_ploidy2only/B2_S08_ploidy2only.RDataTmp', probable reason 'No such file or directory'
Execution halted
Warning message:
In file.remove(outfile) :
  cannot remove file '/scratch/alice/n/nhsas1/PTCL/ichorCNA/output/B2_S08_ploidy2only/B2_S08_ploidy2only.RDataTmp', reason 'No such file or directory'
