Loading required package: data.table
Loading required package: stats4
Loading required package: BiocGenerics

Attaching package: ‘BiocGenerics’

The following objects are masked from ‘package:stats’:

    IQR, mad, sd, var, xtabs

The following objects are masked from ‘package:base’:

    anyDuplicated, aperm, append, as.data.frame, basename, cbind,
    colnames, dirname, do.call, duplicated, eval, evalq, Filter, Find,
    get, grep, grepl, intersect, is.unsorted, lapply, Map, mapply,
    match, mget, order, paste, pmax, pmax.int, pmin, pmin.int,
    Position, rank, rbind, Reduce, rownames, sapply, setdiff, sort,
    table, tapply, union, unique, unsplit, which.max, which.min

Loading required package: S4Vectors

Attaching package: ‘S4Vectors’

The following objects are masked from ‘package:data.table’:

    first, second

The following object is masked from ‘package:utils’:

    findMatches

The following objects are masked from ‘package:base’:

    expand.grid, I, unname

Loading required package: IRanges

Attaching package: ‘IRanges’

The following object is masked from ‘package:data.table’:

    shift

Loading required package: GenomeInfoDb

Attaching package: ‘ichorCNA’

The following object is masked from ‘package:HMMcopy’:

    HMMsegment

Warning message:
In (function (seqlevels, genome, new_style)  :
  cannot switch some hg19's seqlevels from UCSC to NCBI style
Loading tumour file:B2_S08_diploid
Slurping: /scratch/alice/n/nhsas1/PTCL/ichorCNA/wig/B2_S08.wig
Parsing: fixedStep chrom=chr1 start=1 step=1000000 span=1000000
Parsing: fixedStep chrom=chr2 start=1 step=1000000 span=1000000
Parsing: fixedStep chrom=chr3 start=1 step=1000000 span=1000000
Parsing: fixedStep chrom=chr4 start=1 step=1000000 span=1000000
Parsing: fixedStep chrom=chr5 start=1 step=1000000 span=1000000
Parsing: fixedStep chrom=chr6 start=1 step=1000000 span=1000000
Parsing: fixedStep chrom=chr7 start=1 step=1000000 span=1000000
Parsing: fixedStep chrom=chr8 start=1 step=1000000 span=1000000
Parsing: fixedStep chrom=chr9 start=1 step=1000000 span=1000000
Parsing: fixedStep chrom=chr10 start=1 step=1000000 span=1000000
Parsing: fixedStep chrom=chr11 start=1 step=1000000 span=1000000
Parsing: fixedStep chrom=chr12 start=1 step=1000000 span=1000000
Parsing: fixedStep chrom=chr13 start=1 step=1000000 span=1000000
Parsing: fixedStep chrom=chr14 start=1 step=1000000 span=1000000
Parsing: fixedStep chrom=chr15 start=1 step=1000000 span=1000000
Parsing: fixedStep chrom=chr16 start=1 step=1000000 span=1000000
Parsing: fixedStep chrom=chr17 start=1 step=1000000 span=1000000
Parsing: fixedStep chrom=chr18 start=1 step=1000000 span=1000000
Parsing: fixedStep chrom=chr19 start=1 step=1000000 span=1000000
Parsing: fixedStep chrom=chr20 start=1 step=1000000 span=1000000
Parsing: fixedStep chrom=chr21 start=1 step=1000000 span=1000000
Parsing: fixedStep chrom=chr22 start=1 step=1000000 span=1000000
Sorting by decreasing chromosome size
Reading GC and mappability files
Slurping: /scratch/alice/n/nhsas1/PTCL/scripts/ichorCNA/inst/extdata/gc_hg38_1000kb.wig
Parsing: fixedStep chrom=chr1 start=1 step=1000000 span=1000000
Parsing: fixedStep chrom=chr2 start=1 step=1000000 span=1000000
Parsing: fixedStep chrom=chr3 start=1 step=1000000 span=1000000
Parsing: fixedStep chrom=chr4 start=1 step=1000000 span=1000000
Parsing: fixedStep chrom=chr5 start=1 step=1000000 span=1000000
Parsing: fixedStep chrom=chr6 start=1 step=1000000 span=1000000
Parsing: fixedStep chrom=chr7 start=1 step=1000000 span=1000000
Parsing: fixedStep chrom=chr8 start=1 step=1000000 span=1000000
Parsing: fixedStep chrom=chr9 start=1 step=1000000 span=1000000
Parsing: fixedStep chrom=chr10 start=1 step=1000000 span=1000000
Parsing: fixedStep chrom=chr11 start=1 step=1000000 span=1000000
Parsing: fixedStep chrom=chr12 start=1 step=1000000 span=1000000
Parsing: fixedStep chrom=chr13 start=1 step=1000000 span=1000000
Parsing: fixedStep chrom=chr14 start=1 step=1000000 span=1000000
Parsing: fixedStep chrom=chr15 start=1 step=1000000 span=1000000
Parsing: fixedStep chrom=chr16 start=1 step=1000000 span=1000000
Parsing: fixedStep chrom=chr17 start=1 step=1000000 span=1000000
Parsing: fixedStep chrom=chr18 start=1 step=1000000 span=1000000
Parsing: fixedStep chrom=chr19 start=1 step=1000000 span=1000000
Parsing: fixedStep chrom=chr20 start=1 step=1000000 span=1000000
Parsing: fixedStep chrom=chr21 start=1 step=1000000 span=1000000
Parsing: fixedStep chrom=chr22 start=1 step=1000000 span=1000000
Parsing: fixedStep chrom=chrX start=1 step=1000000 span=1000000
Parsing: fixedStep chrom=chrY start=1 step=1000000 span=1000000
Sorting by decreasing chromosome size
Slurping: /scratch/alice/n/nhsas1/PTCL/scripts/ichorCNA/inst/extdata/map_hg38_1000kb.wig
Parsing: fixedStep chrom=chr1 start=1 step=1000000 span=1000000
Parsing: fixedStep chrom=chr2 start=1 step=1000000 span=1000000
Parsing: fixedStep chrom=chr3 start=1 step=1000000 span=1000000
Parsing: fixedStep chrom=chr4 start=1 step=1000000 span=1000000
Parsing: fixedStep chrom=chr5 start=1 step=1000000 span=1000000
Parsing: fixedStep chrom=chr6 start=1 step=1000000 span=1000000
Parsing: fixedStep chrom=chr7 start=1 step=1000000 span=1000000
Parsing: fixedStep chrom=chr8 start=1 step=1000000 span=1000000
Parsing: fixedStep chrom=chr9 start=1 step=1000000 span=1000000
Parsing: fixedStep chrom=chr10 start=1 step=1000000 span=1000000
Parsing: fixedStep chrom=chr11 start=1 step=1000000 span=1000000
Parsing: fixedStep chrom=chr12 start=1 step=1000000 span=1000000
Parsing: fixedStep chrom=chr13 start=1 step=1000000 span=1000000
Parsing: fixedStep chrom=chr14 start=1 step=1000000 span=1000000
Parsing: fixedStep chrom=chr15 start=1 step=1000000 span=1000000
Parsing: fixedStep chrom=chr16 start=1 step=1000000 span=1000000
Parsing: fixedStep chrom=chr17 start=1 step=1000000 span=1000000
Parsing: fixedStep chrom=chr18 start=1 step=1000000 span=1000000
Parsing: fixedStep chrom=chr19 start=1 step=1000000 span=1000000
Parsing: fixedStep chrom=chr20 start=1 step=1000000 span=1000000
Parsing: fixedStep chrom=chr21 start=1 step=1000000 span=1000000
Parsing: fixedStep chrom=chr22 start=1 step=1000000 span=1000000
Parsing: fixedStep chrom=chrX start=1 step=1000000 span=1000000
Parsing: fixedStep chrom=chrY start=1 step=1000000 span=1000000
Sorting by decreasing chromosome size
Correcting Tumour
Removed 114 bins near centromeres.
Applying filter on data...
Correcting for GC bias...
Correcting for mappability bias...
Filtering low uniqueness regions with mappability score < 0.9
Determining gender...Gender unknown
Outputting to: /scratch/alice/n/nhsas1/PTCL/ichorCNA/output/B2_S08_diploid/B2_S08_diploid.correctedDepth.txt
Warning message:
In regularize.values(x, y, ties, missing(ties), na.rm = na.rm) :
  collapsing to unique 'x' values
runEM: Initialization
runEM iter1: Expectation
runEM iter1: Maximization
Sample1 n=0.5118, sp=0.5129, phi=1.907, lambda=78.831,698.09,182.61,1314.3,532.37,1326.8,900.51, F=3525
runEM iter 1  Log likelihood: 2482.94022067068
runEM iter1 Time: 0.041 min.
runEM iter2: Expectation
runEM iter2: Maximization
Sample1 n=0.4707, sp=0.5201, phi=1.89, lambda=114.86,1765.3,463.45,896.35,526.24,1145.9,591.38, F=4175
runEM iter 2  Log likelihood: 3946.27541785081
runEM iter2 Time: 0.021 min.
runEM iter3: Expectation
runEM iter3: Maximization
Sample1 n=0.4404, sp=0.5294, phi=1.879, lambda=162.41,1909.8,526.06,388.53,526.2,1152.8,532.21, F=4209
runEM iter 3  Log likelihood: 4153.86585637056
runEM iter3 Time: 0.02 min.
runEM iter4: Expectation
runEM iter4: Maximization
Sample1 n=0.412, sp=0.5367, phi=1.876, lambda=258.16,1883.5,526.09,223.2,526.2,1192.7,584.12, F=4233
runEM iter 4  Log likelihood: 4192.78140657569
runEM iter4 Time: 0.013 min.
runEM iter5: Expectation
runEM iter5: Maximization
Sample1 n=0.3972, sp=0.5438, phi=1.878, lambda=357.34,1880.8,526.09,179.46,526.2,1207.6,577.96, F=4241
runEM iter 5  Log likelihood: 4213.94498103621
runEM iter5 Time: 0.011 min.
runEM iter6: Expectation
runEM iter6: Maximization
Sample1 n=0.385, sp=0.5523, phi=1.881, lambda=484.73,1879.1,526.1,153.12,526.2,1209.7,577.61, F=4247
runEM iter 6  Log likelihood: 4221.05707008929
runEM iter6 Time: 0.0099 min.
runEM iter7: Expectation
runEM iter7: Maximization
Sample1 n=0.3719, sp=0.5615, phi=1.883, lambda=684.02,1878.6,526.11,130.91,526.23,1210.3,577.16, F=4256
runEM iter 7  Log likelihood: 4227.71096795492
runEM iter7 Time: 0.011 min.
runEM iter8: Expectation
runEM iter8: Maximization
Sample1 n=0.3587, sp=0.5705, phi=1.885, lambda=951.2,1878.5,526.11,113.06,526.23,1210.1,576.95, F=4264
runEM iter 8  Log likelihood: 4235.66042342188
runEM iter8 Time: 0.015 min.
runEM iter9: Expectation
runEM iter9: Maximization
Sample1 n=0.3473, sp=0.5782, phi=1.887, lambda=1195.1,1878.9,526.06,100.47,526.21,1208.6,576.99, F=4271
runEM iter 9  Log likelihood: 4244.05189503856
runEM iter9 Time: 0.018 min.
runEM iter10: Expectation
runEM iter10: Maximization
Sample1 n=0.3393, sp=0.5837, phi=1.888, lambda=1335.5,1879.5,525.61,92.777,526.21,1206.3,577.42, F=4274
runEM iter 10  Log likelihood: 4250.55831740659
runEM iter10 Time: 0.014 min.
runEM iter11: Expectation
runEM iter11: Maximization
Sample1 n=0.3343, sp=0.5871, phi=1.889, lambda=1392.9,1879.9,523.18,88.468,526.21,1204.1,577.76, F=4275
runEM iter 11  Log likelihood: 4253.9526289406
runEM iter11 Time: 0.016 min.
runEM iter11: Re-calculating responsibilties from converged parameters.
runEM: Using optimal parameters from iter11
runEM: Total elapsed time: 0.19min.
runViterbi: Segmenting and classifying
runEM: Initialization
runEM iter1: Expectation
runEM iter1: Maximization
Sample1 n=0.7328, sp=0.1352, phi=1.832, lambda=1332.5,766.07,728.69,51.561,518.78,1054.3,523.9, F=3547
runEM iter 1  Log likelihood: 2554.05508216964
runEM iter1 Time: 0.028 min.
runEM iter2: Expectation
runEM iter2: Maximization
Sample1 n=0.7275, sp=0.3188, phi=1.787, lambda=2280.5,1753.5,1284.5,2.6898,390.53,1139,1199.6, F=4451
runEM iter 2  Log likelihood: 4052.20400604487
runEM iter2 Time: 0.045 min.
runEM iter3: Expectation
runEM iter3: Maximization
Sample1 n=0.7133, sp=0.4258, phi=1.778, lambda=2450.4,1998.7,1516.2,2.5647,647.2,1136.6,1332.3, F=4555
runEM iter 3  Log likelihood: 4464.51092318699
runEM iter3 Time: 0.038 min.
runEM iter4: Expectation
runEM iter4: Maximization
Sample1 n=0.7105, sp=0.4767, phi=1.781, lambda=2414.4,2104.5,1531.2,2.5492,674.1,1003.3,1635.2, F=4572
runEM iter 4  Log likelihood: 4542.88658334749
runEM iter4 Time: 0.03 min.
runEM iter5: Expectation
runEM iter5: Maximization
Sample1 n=0.7117, sp=0.5158, phi=1.779, lambda=2303.3,2157.6,1534.5,2.5565,667.28,987.11,1933.9, F=4578
runEM iter 5  Log likelihood: 4557.2876989234
runEM iter5 Time: 0.017 min.
runEM iter6: Expectation
runEM iter6: Maximization
Sample1 n=0.7129, sp=0.5462, phi=1.778, lambda=2199.6,2205.6,1528.1,2.5635,647.64,947.36,2106.9, F=4581
runEM iter 6  Log likelihood: 4566.24891268918
runEM iter6 Time: 0.018 min.
runEM iter7: Expectation
runEM iter7: Maximization
Sample1 n=0.7148, sp=0.5769, phi=1.775, lambda=2082.9,2276.6,1520.2,2.5725,617.47,952.25,2249.6, F=4589
runEM iter 7  Log likelihood: 4571.30868408707
runEM iter7 Time: 0.016 min.
runEM iter8: Expectation
runEM iter8: Maximization
Sample1 n=0.7161, sp=0.6065, phi=1.767, lambda=1941.6,2378.5,1518.1,2.5729,615,1119.9,2286.6, F=4600
runEM iter 8  Log likelihood: 4576.5676272319
runEM iter8 Time: 0.015 min.
runEM iter9: Expectation
runEM iter9: Maximization
Sample1 n=0.7143, sp=0.6216, phi=1.763, lambda=1917.5,2443.7,1514.4,2.556,636.73,1129.6,2327.9, F=4607
runEM iter 9  Log likelihood: 4587.11882845324
runEM iter9 Time: 0.017 min.
runEM iter10: Expectation
runEM iter10: Maximization
Sample1 n=0.7133, sp=0.6276, phi=1.761, lambda=1921.3,2447,1509.9,2.5477,683.21,1111.8,2389.4, F=4609
runEM iter 10  Log likelihood: 4589.97291109151
runEM iter10 Time: 0.019 min.
runEM iter10: Re-calculating responsibilties from converged parameters.
runEM: Using optimal parameters from iter10
runEM: Total elapsed time: 0.24min.
runViterbi: Segmenting and classifying
runEM: Initialization
runEM iter1: Expectation
runEM iter1: Maximization
Sample1 n=0.7647, sp=0.02354, phi=1.823, lambda=1424.1,1025.2,658.22,374.72,131.27,15.059,501.11, F=3838
runEM iter 1  Log likelihood: 2999.60826954459
runEM iter1 Time: 0.043 min.
runEM iter2: Expectation
runEM iter2: Maximization
Sample1 n=0.7439, sp=0.2002, phi=1.763, lambda=1149.6,1917.7,602.17,283.89,262.22,12.749,446.59, F=4144
runEM iter 2  Log likelihood: 3971.95534576039
runEM iter2 Time: 0.058 min.
runEM iter3: Expectation
runEM iter3: Maximization
Sample1 n=0.7274, sp=0.4995, phi=1.734, lambda=1195,2071,1488.6,524.61,488.22,9.7194,1636.3, F=4343
runEM iter 3  Log likelihood: 4169.02021214334
runEM iter3 Time: 0.045 min.
runEM iter4: Expectation
runEM iter4: Maximization
Sample1 n=0.7276, sp=0.6186, phi=1.738, lambda=1201.1,2215.5,1504.8,525.75,476.89,8.8291,2516.5, F=4409
runEM iter 4  Log likelihood: 4345.00165771526
runEM iter4 Time: 0.047 min.
runEM iter5: Expectation
runEM iter5: Maximization
Sample1 n=0.7249, sp=0.6586, phi=1.744, lambda=1222.2,2289.1,1496.8,525.83,497.67,8.5955,2519.4, F=4437
runEM iter 5  Log likelihood: 4408.18798443126
runEM iter5 Time: 0.019 min.
runEM iter6: Expectation
runEM iter6: Maximization
Sample1 n=0.7215, sp=0.6625, phi=1.745, lambda=1234.9,2291.5,1478.2,525.98,564.23,8.5813,2531.9, F=4439
runEM iter 6  Log likelihood: 4416.19223756298
runEM iter6 Time: 0.017 min.
runEM iter7: Expectation
runEM iter7: Maximization
Sample1 n=0.7209, sp=0.662, phi=1.745, lambda=1234.9,2291.5,1478.2,525.98,564.23,8.5841,2531.9, F=4440
runEM iter 7  Log likelihood: 4417.56697144356
runEM iter7 Time: 0.0082 min.
runEM iter7: Re-calculating responsibilties from converged parameters.
runEM: Using optimal parameters from iter7
runEM: Total elapsed time: 0.24min.
runViterbi: Segmenting and classifying
runEM: Initialization
runEM iter1: Expectation
runEM iter1: Maximization
Sample1 n=0.7918, sp=0.02687, phi=1.947, lambda=1391.5,885.92,753.66,1876.1,62.922,15.155,519.26, F=3832
runEM iter 1  Log likelihood: 3233.01667260924
runEM iter1 Time: 0.049 min.
runEM iter2: Expectation
runEM iter2: Maximization
Sample1 n=0.7845, sp=0.4135, phi=1.92, lambda=1411.8,1014.6,877.17,1337.3,72.81,11.284,2168.3, F=4032
runEM iter 2  Log likelihood: 3905.49051517262
runEM iter2 Time: 0.071 min.
runEM iter3: Expectation
runEM iter3: Maximization
Sample1 n=0.788, sp=0.5578, phi=1.943, lambda=1412.9,1259.3,1418.5,1687.6,68.197,10.306,2400.3, F=4269
runEM iter 3  Log likelihood: 4116.42270648658
runEM iter3 Time: 0.041 min.
runEM iter4: Expectation
runEM iter4: Maximization
Sample1 n=0.7793, sp=0.5915, phi=1.964, lambda=1618.4,1374.4,1534.5,1332.5,76.417,10.263,2367.2, F=4291
runEM iter 4  Log likelihood: 4246.7472113681
runEM iter4 Time: 0.046 min.
runEM iter5: Expectation
runEM iter5: Maximization
Sample1 n=0.7776, sp=0.6031, phi=1.987, lambda=1757.5,1244.8,1501.6,1372,76.08,10.351,2344.4, F=4292
runEM iter 5  Log likelihood: 4266.12927838342
runEM iter5 Time: 0.036 min.
runEM iter6: Expectation
runEM iter6: Maximization
Sample1 n=0.7772, sp=0.5943, phi=2.005, lambda=1840.8,1148.1,1519.7,1488.5,74.646,10.537,2302.5, F=4281
runEM iter 6  Log likelihood: 4258.14788811307
runEM iter6 Time: 0.032 min.
runEM iter5: Re-calculating responsibilties from converged parameters.
runEM: Using optimal parameters from iter5
runEM: Total elapsed time: 0.28min.
runViterbi: Segmenting and classifying
runEM: Initialization
runEM iter1: Expectation
runEM iter1: Maximization
Sample1 n=0.8443, sp=0.03715, phi=2.279, lambda=1071.8,706.54,1732.6,526.34,25.7,15.008,368.46, F=3755
runEM iter 1  Log likelihood: 2703.20717143723
runEM iter1 Time: 0.052 min.
runEM iter2: Expectation
runEM iter2: Maximization
Sample1 n=0.8362, sp=0.04956, phi=2.399, lambda=1771.8,930.89,2151.1,761.5,25.358,16.481,598.69, F=4105
runEM iter 2  Log likelihood: 3947.14481523754
runEM iter2 Time: 0.039 min.
runEM iter3: Expectation
runEM iter3: Maximization
Sample1 n=0.8344, sp=0.3626, phi=2.424, lambda=1941.8,1247.7,2245.9,742.9,25.288,13.813,2313.4, F=4259
runEM iter 3  Log likelihood: 4160.05854939953
runEM iter3 Time: 0.035 min.
runEM iter4: Expectation
runEM iter4: Maximization
Sample1 n=0.831, sp=0.3187, phi=2.405, lambda=1947.6,1379.1,2372.2,737.51,26.364,14.22,2754.5, F=4343
runEM iter 4  Log likelihood: 4299.51223741181
runEM iter4 Time: 0.035 min.
runEM iter5: Expectation
runEM iter5: Maximization
Sample1 n=0.8294, sp=0.3296, phi=2.389, lambda=1947,1323.3,2449.5,742.62,27.004,14.091,2817.3, F=4359
runEM iter 5  Log likelihood: 4334.66642474391
runEM iter5 Time: 0.03 min.
runEM iter6: Expectation
runEM iter6: Maximization
Sample1 n=0.8276, sp=0.345, phi=2.376, lambda=1945.3,1296.6,2414.6,782.93,27.678,13.939,2829.7, F=4357
runEM iter 6  Log likelihood: 4336.08828411573
runEM iter6 Time: 0.031 min.
runEM iter6: Re-calculating responsibilties from converged parameters.
runEM: Using optimal parameters from iter6
runEM: Total elapsed time: 0.22min.
runViterbi: Segmenting and classifying
runEM: Initialization
runEM iter1: Expectation
runEM iter1: Maximization
Sample1 n=0.8565, sp=0.04213, phi=2.384, lambda=1040.5,667.72,1728.1,400.49,21.749,17.174,45.63, F=3659
runEM iter 1  Log likelihood: 2173.42962795183
runEM iter1 Time: 0.046 min.
runEM iter2: Expectation
runEM iter2: Maximization
Sample1 n=0.8375, sp=0.04386, phi=2.442, lambda=1798.3,1204.3,2136.6,739.82,24.366,16.842,524.28, F=4113
runEM iter 2  Log likelihood: 3940.30312943144
runEM iter2 Time: 0.056 min.
runEM iter3: Expectation
runEM iter3: Maximization
Sample1 n=0.8362, sp=0.2765, phi=2.45, lambda=1945.7,1304,2145.1,741.9,24.492,14.656,1312.8, F=4154
runEM iter 3  Log likelihood: 4118.00849891425
runEM iter3 Time: 0.042 min.
runEM iter4: Expectation
runEM iter4: Maximization
Sample1 n=0.8332, sp=0.2952, phi=2.42, lambda=1953.2,1419.2,2280.9,741.03,25.609,14.416,2499.4, F=4322
runEM iter 4  Log likelihood: 4263.72398248581
runEM iter4 Time: 0.036 min.
runEM iter5: Expectation
runEM iter5: Maximization
Sample1 n=0.8306, sp=0.3117, phi=2.398, lambda=1948.1,1374.2,2432.9,735.65,26.548,14.248,2792, F=4357
runEM iter 5  Log likelihood: 4318.74766822588
runEM iter5 Time: 0.041 min.
runEM iter6: Expectation
runEM iter6: Maximization
Sample1 n=0.8288, sp=0.3348, phi=2.383, lambda=1943.8,1339.4,2428.4,756.88,27.263,14.031,2822.9, F=4357
runEM iter 6  Log likelihood: 4334.1266694159
runEM iter6 Time: 0.023 min.
runEM iter7: Expectation
runEM iter7: Maximization
Sample1 n=0.8273, sp=0.3492, phi=2.373, lambda=1944.5,1325.5,2408.3,786.65,27.82,13.901,2837.1, F=4357
runEM iter 7  Log likelihood: 4337.5668060554
runEM iter7 Time: 0.022 min.
runEM iter7: Re-calculating responsibilties from converged parameters.
runEM: Using optimal parameters from iter7
runEM: Total elapsed time: 0.27min.
runViterbi: Segmenting and classifying
runEM: Initialization
runEM iter1: Expectation
runEM iter1: Maximization
Sample1 n=0.9331, sp=0.182, phi=1.999, lambda=490.44,733.49,1500.7,37.914,7.2021,63.18,35.545, F=2573
runEM iter 1  Log likelihood: 2003.95822912519
runEM iter1 Time: 0.066 min.
runEM iter2: Expectation
runEM iter2: Maximization
Sample1 n=0.8985, sp=0.006777, phi=2.191, lambda=954.98,1550.2,2046.1,313.35,5.5888,223.99,420.24, F=3503
runEM iter 2  Log likelihood: 2968.76774057668
runEM iter2 Time: 0.083 min.
runEM iter3: Expectation
runEM iter3: Maximization
Sample1 n=0.8734, sp=0.002539, phi=2.319, lambda=1209.3,1097.5,2361.9,735.93,4.9582,545.25,510.97, F=3840
runEM iter 3  Log likelihood: 3573.61326221347
runEM iter3 Time: 0.1 min.
runEM iter4: Expectation
runEM iter4: Maximization
Sample1 n=0.8533, sp=0.00179, phi=2.444, lambda=1333.3,1183.3,2386.8,772.72,4.7996,1563.3,523.09, F=4111
runEM iter 4  Log likelihood: 3867.91040360965
runEM iter4 Time: 0.041 min.
runEM iter5: Expectation
runEM iter5: Maximization
Sample1 n=0.8422, sp=0.003586, phi=2.481, lambda=1381.4,1386.1,2367.4,754.15,4.7005,2263.8,657.13, F=4170
runEM iter 5  Log likelihood: 4103.66383822447
runEM iter5 Time: 0.044 min.
runEM iter6: Expectation
runEM iter6: Maximization
Sample1 n=0.8389, sp=0.002988, phi=2.486, lambda=943.74,1434.8,2309.4,742.92,4.6588,2449.8,934.07, F=4203
runEM iter 6  Log likelihood: 4173.05253245379
runEM iter6 Time: 0.06 min.
runEM iter7: Expectation
runEM iter7: Maximization
Sample1 n=0.8378, sp=0.003889, phi=2.487, lambda=814.37,1460.4,2303.1,740.03,4.6527,2463.1,956.93, F=4213
runEM iter 7  Log likelihood: 4191.49655961777
runEM iter7 Time: 0.022 min.
runEM iter8: Expectation
runEM iter8: Maximization
Sample1 n=0.8373, sp=0.004342, phi=2.487, lambda=788.18,1507.4,2299.6,735.98,4.6464,2482.1,979.14, F=4215
runEM iter 8  Log likelihood: 4193.30749223088
runEM iter8 Time: 0.024 min.
runEM iter8: Re-calculating responsibilties from converged parameters.
runEM: Using optimal parameters from iter8
runEM: Total elapsed time: 0.44min.
runViterbi: Segmenting and classifying
Total ULP-WGS HMM Runtime: 1.9 min.
Writing segments to /scratch/alice/n/nhsas1/PTCL/ichorCNA/output/B2_S08_diploid/B2_S08_diploid.seg
Outputting to bin-level results to /scratch/alice/n/nhsas1/PTCL/ichorCNA/output/B2_S08_diploid/B2_S08_diploid.cna.seg
