Loading required package: data.table
Loading required package: stats4
Loading required package: BiocGenerics

Attaching package: ‘BiocGenerics’

The following objects are masked from ‘package:stats’:

    IQR, mad, sd, var, xtabs

The following objects are masked from ‘package:base’:

    anyDuplicated, aperm, append, as.data.frame, basename, cbind,
    colnames, dirname, do.call, duplicated, eval, evalq, Filter, Find,
    get, grep, grepl, intersect, is.unsorted, lapply, Map, mapply,
    match, mget, order, paste, pmax, pmax.int, pmin, pmin.int,
    Position, rank, rbind, Reduce, rownames, sapply, setdiff, sort,
    table, tapply, union, unique, unsplit, which.max, which.min

Loading required package: S4Vectors

Attaching package: ‘S4Vectors’

The following objects are masked from ‘package:data.table’:

    first, second

The following object is masked from ‘package:utils’:

    findMatches

The following objects are masked from ‘package:base’:

    expand.grid, I, unname

Loading required package: IRanges

Attaching package: ‘IRanges’

The following object is masked from ‘package:data.table’:

    shift

Loading required package: GenomeInfoDb

Attaching package: ‘ichorCNA’

The following object is masked from ‘package:HMMcopy’:

    HMMsegment

Warning message:
In (function (seqlevels, genome, new_style)  :
  cannot switch some hg19's seqlevels from UCSC to NCBI style
Loading tumour file:B2_S15_diploid
Slurping: /scratch/alice/n/nhsas1/PTCL/ichorCNA/wig/B2_S15.wig
Parsing: fixedStep chrom=chr1 start=1 step=1000000 span=1000000
Parsing: fixedStep chrom=chr2 start=1 step=1000000 span=1000000
Parsing: fixedStep chrom=chr3 start=1 step=1000000 span=1000000
Parsing: fixedStep chrom=chr4 start=1 step=1000000 span=1000000
Parsing: fixedStep chrom=chr5 start=1 step=1000000 span=1000000
Parsing: fixedStep chrom=chr6 start=1 step=1000000 span=1000000
Parsing: fixedStep chrom=chr7 start=1 step=1000000 span=1000000
Parsing: fixedStep chrom=chr8 start=1 step=1000000 span=1000000
Parsing: fixedStep chrom=chr9 start=1 step=1000000 span=1000000
Parsing: fixedStep chrom=chr10 start=1 step=1000000 span=1000000
Parsing: fixedStep chrom=chr11 start=1 step=1000000 span=1000000
Parsing: fixedStep chrom=chr12 start=1 step=1000000 span=1000000
Parsing: fixedStep chrom=chr13 start=1 step=1000000 span=1000000
Parsing: fixedStep chrom=chr14 start=1 step=1000000 span=1000000
Parsing: fixedStep chrom=chr15 start=1 step=1000000 span=1000000
Parsing: fixedStep chrom=chr16 start=1 step=1000000 span=1000000
Parsing: fixedStep chrom=chr17 start=1 step=1000000 span=1000000
Parsing: fixedStep chrom=chr18 start=1 step=1000000 span=1000000
Parsing: fixedStep chrom=chr19 start=1 step=1000000 span=1000000
Parsing: fixedStep chrom=chr20 start=1 step=1000000 span=1000000
Parsing: fixedStep chrom=chr21 start=1 step=1000000 span=1000000
Parsing: fixedStep chrom=chr22 start=1 step=1000000 span=1000000
Sorting by decreasing chromosome size
Reading GC and mappability files
Slurping: /scratch/alice/n/nhsas1/PTCL/scripts/ichorCNA/inst/extdata/gc_hg38_1000kb.wig
Parsing: fixedStep chrom=chr1 start=1 step=1000000 span=1000000
Parsing: fixedStep chrom=chr2 start=1 step=1000000 span=1000000
Parsing: fixedStep chrom=chr3 start=1 step=1000000 span=1000000
Parsing: fixedStep chrom=chr4 start=1 step=1000000 span=1000000
Parsing: fixedStep chrom=chr5 start=1 step=1000000 span=1000000
Parsing: fixedStep chrom=chr6 start=1 step=1000000 span=1000000
Parsing: fixedStep chrom=chr7 start=1 step=1000000 span=1000000
Parsing: fixedStep chrom=chr8 start=1 step=1000000 span=1000000
Parsing: fixedStep chrom=chr9 start=1 step=1000000 span=1000000
Parsing: fixedStep chrom=chr10 start=1 step=1000000 span=1000000
Parsing: fixedStep chrom=chr11 start=1 step=1000000 span=1000000
Parsing: fixedStep chrom=chr12 start=1 step=1000000 span=1000000
Parsing: fixedStep chrom=chr13 start=1 step=1000000 span=1000000
Parsing: fixedStep chrom=chr14 start=1 step=1000000 span=1000000
Parsing: fixedStep chrom=chr15 start=1 step=1000000 span=1000000
Parsing: fixedStep chrom=chr16 start=1 step=1000000 span=1000000
Parsing: fixedStep chrom=chr17 start=1 step=1000000 span=1000000
Parsing: fixedStep chrom=chr18 start=1 step=1000000 span=1000000
Parsing: fixedStep chrom=chr19 start=1 step=1000000 span=1000000
Parsing: fixedStep chrom=chr20 start=1 step=1000000 span=1000000
Parsing: fixedStep chrom=chr21 start=1 step=1000000 span=1000000
Parsing: fixedStep chrom=chr22 start=1 step=1000000 span=1000000
Parsing: fixedStep chrom=chrX start=1 step=1000000 span=1000000
Parsing: fixedStep chrom=chrY start=1 step=1000000 span=1000000
Sorting by decreasing chromosome size
Slurping: /scratch/alice/n/nhsas1/PTCL/scripts/ichorCNA/inst/extdata/map_hg38_1000kb.wig
Parsing: fixedStep chrom=chr1 start=1 step=1000000 span=1000000
Parsing: fixedStep chrom=chr2 start=1 step=1000000 span=1000000
Parsing: fixedStep chrom=chr3 start=1 step=1000000 span=1000000
Parsing: fixedStep chrom=chr4 start=1 step=1000000 span=1000000
Parsing: fixedStep chrom=chr5 start=1 step=1000000 span=1000000
Parsing: fixedStep chrom=chr6 start=1 step=1000000 span=1000000
Parsing: fixedStep chrom=chr7 start=1 step=1000000 span=1000000
Parsing: fixedStep chrom=chr8 start=1 step=1000000 span=1000000
Parsing: fixedStep chrom=chr9 start=1 step=1000000 span=1000000
Parsing: fixedStep chrom=chr10 start=1 step=1000000 span=1000000
Parsing: fixedStep chrom=chr11 start=1 step=1000000 span=1000000
Parsing: fixedStep chrom=chr12 start=1 step=1000000 span=1000000
Parsing: fixedStep chrom=chr13 start=1 step=1000000 span=1000000
Parsing: fixedStep chrom=chr14 start=1 step=1000000 span=1000000
Parsing: fixedStep chrom=chr15 start=1 step=1000000 span=1000000
Parsing: fixedStep chrom=chr16 start=1 step=1000000 span=1000000
Parsing: fixedStep chrom=chr17 start=1 step=1000000 span=1000000
Parsing: fixedStep chrom=chr18 start=1 step=1000000 span=1000000
Parsing: fixedStep chrom=chr19 start=1 step=1000000 span=1000000
Parsing: fixedStep chrom=chr20 start=1 step=1000000 span=1000000
Parsing: fixedStep chrom=chr21 start=1 step=1000000 span=1000000
Parsing: fixedStep chrom=chr22 start=1 step=1000000 span=1000000
Parsing: fixedStep chrom=chrX start=1 step=1000000 span=1000000
Parsing: fixedStep chrom=chrY start=1 step=1000000 span=1000000
Sorting by decreasing chromosome size
Correcting Tumour
Removed 114 bins near centromeres.
Applying filter on data...
Correcting for GC bias...
Correcting for mappability bias...
Filtering low uniqueness regions with mappability score < 0.9
Determining gender...Gender unknown
Outputting to: /scratch/alice/n/nhsas1/PTCL/ichorCNA/output/B2_S15_diploid/B2_S15_diploid.correctedDepth.txt
Warning message:
In regularize.values(x, y, ties, missing(ties), na.rm = na.rm) :
  collapsing to unique 'x' values
runEM: Initialization
runEM iter1: Expectation
runEM iter1: Maximization
Sample1 n=0.5515, sp=0.5067, phi=2.052, lambda=734.7,351.48,612.74,734.96,734.91,563.08,921.3, F=2828
runEM iter 1  Log likelihood: 2643.07366489273
runEM iter1 Time: 0.031 min.
runEM iter2: Expectation
runEM iter2: Maximization
Sample1 n=0.6228, sp=0.5804, phi=2.073, lambda=734.73,558.49,379.07,734.96,734.9,1049.1,1446.1, F=3478
runEM iter 2  Log likelihood: 3256.25227674381
runEM iter2 Time: 0.013 min.
runEM iter3: Expectation
runEM iter3: Maximization
Sample1 n=0.6677, sp=0.6052, phi=2.074, lambda=995.45,825.81,346.34,1197.8,734.88,1248.7,1457.5, F=3686
runEM iter 3  Log likelihood: 3611.98313391617
runEM iter3 Time: 0.017 min.
runEM iter4: Expectation
runEM iter4: Maximization
Sample1 n=0.6982, sp=0.6002, phi=2.07, lambda=1168.6,965.74,590.64,1541,734.87,1349.4,1361.7, F=3844
runEM iter 4  Log likelihood: 3789.19837606482
runEM iter4 Time: 0.014 min.
runEM iter5: Expectation
runEM iter5: Maximization
Sample1 n=0.7072, sp=0.6012, phi=2.061, lambda=1067.4,1031,647.29,1478.8,734.84,1351.1,1333.6, F=3831
runEM iter 5  Log likelihood: 3835.2393367161
runEM iter5 Time: 0.012 min.
runEM iter6: Expectation
runEM iter6: Maximization
Sample1 n=0.7103, sp=0.605, phi=2.048, lambda=1013.1,1112.4,659.8,1487.3,734.78,1341.7,1332.8, F=3797
runEM iter 6  Log likelihood: 3806.47371779149
runEM iter6 Time: 0.01 min.
runEM iter5: Re-calculating responsibilties from converged parameters.
runEM: Using optimal parameters from iter5
runEM: Total elapsed time: 0.097min.
runViterbi: Segmenting and classifying
runEM: Initialization
runEM iter1: Expectation
runEM iter1: Maximization
Sample1 n=0.6134, sp=0.5189, phi=2.039, lambda=308.05,353.88,489.33,367.42,732.66,898.65,737.67, F=2816
runEM iter 1  Log likelihood: 2687.51239245602
runEM iter1 Time: 0.028 min.
runEM iter2: Expectation
runEM iter2: Maximization
Sample1 n=0.6809, sp=0.5717, phi=2.044, lambda=1047.6,598.07,317.75,1312.9,734.39,1219.9,1397.2, F=3659
runEM iter 2  Log likelihood: 3393.80939601418
runEM iter2 Time: 0.019 min.
runEM iter3: Expectation
runEM iter3: Maximization
Sample1 n=0.713, sp=0.5765, phi=2.051, lambda=992,925.98,593.54,1579.4,734.71,1327.2,1451, F=3856
runEM iter 3  Log likelihood: 3762.1607511626
runEM iter3 Time: 0.014 min.
runEM iter4: Expectation
runEM iter4: Maximization
Sample1 n=0.7172, sp=0.5897, phi=2.04, lambda=934.75,1108.1,627.34,1559.7,734.77,1335.8,1388.6, F=3807
runEM iter 4  Log likelihood: 3813.99461217525
runEM iter4 Time: 0.01 min.
runEM iter5: Expectation
runEM iter5: Maximization
Sample1 n=0.7165, sp=0.5976, phi=2.03, lambda=900.64,1280.2,658.11,1528.5,734.82,1287,1383.8, F=3775
runEM iter 5  Log likelihood: 3788.42182143682
runEM iter5 Time: 0.01 min.
runEM iter4: Re-calculating responsibilties from converged parameters.
runEM: Using optimal parameters from iter4
runEM: Total elapsed time: 0.082min.
runViterbi: Segmenting and classifying
runEM: Initialization
runEM iter1: Expectation
runEM iter1: Maximization
Sample1 n=0.7615, sp=0.4093, phi=2.012, lambda=592.87,385.41,460.87,1017.9,735.18,701.64,734.04, F=2966
runEM iter 1  Log likelihood: 2768.10256264862
runEM iter1 Time: 0.026 min.
runEM iter2: Expectation
runEM iter2: Maximization
Sample1 n=0.7854, sp=0.4733, phi=1.977, lambda=582.73,1034.7,516.42,859.58,1045.4,1176.8,1367, F=3796
runEM iter 2  Log likelihood: 3567.5478427023
runEM iter2 Time: 0.014 min.
runEM iter3: Expectation
runEM iter3: Maximization
Sample1 n=0.7807, sp=0.4816, phi=1.983, lambda=646.27,1236.2,731.35,877.69,919.29,1194.7,1444.1, F=3793
runEM iter 3  Log likelihood: 3777.16582641477
runEM iter3 Time: 0.011 min.
runEM iter4: Expectation
runEM iter4: Maximization
Sample1 n=0.7784, sp=0.4893, phi=1.986, lambda=652.68,1391.5,761.38,884.98,864.22,1209.5,1478, F=3786
runEM iter 4  Log likelihood: 3783.54961093559
runEM iter4 Time: 0.011 min.
runEM iter5: Expectation
runEM iter5: Maximization
Sample1 n=0.777, sp=0.4952, phi=1.989, lambda=648,1544.9,765.02,890.71,828.46,1225.1,1486.2, F=3780
runEM iter 5  Log likelihood: 3783.51596243896
runEM iter5 Time: 0.011 min.
runEM iter4: Re-calculating responsibilties from converged parameters.
runEM: Using optimal parameters from iter4
runEM: Total elapsed time: 0.074min.
runViterbi: Segmenting and classifying
runEM: Initialization
runEM iter1: Expectation
runEM iter1: Maximization
Sample1 n=0.8457, sp=0.5005, phi=1.982, lambda=1022.2,598.49,946.39,197.36,730.24,731.62,731.56, F=3423
runEM iter 1  Log likelihood: 3084.72915289558
runEM iter1 Time: 0.017 min.
runEM iter2: Expectation
runEM iter2: Maximization
Sample1 n=0.8462, sp=0.4692, phi=2.014, lambda=1109.3,1200.2,1627,962.23,810.94,1267.4,1389.6, F=3967
runEM iter 2  Log likelihood: 3821.83622837794
runEM iter2 Time: 0.012 min.
runEM iter3: Expectation
runEM iter3: Maximization
Sample1 n=0.8439, sp=0.4821, phi=2.022, lambda=1063.3,1540.8,1755.6,1153,952.73,1333.1,1474.1, F=3995
runEM iter 3  Log likelihood: 3978.34147233496
runEM iter3 Time: 0.011 min.
runEM iter4: Expectation
runEM iter4: Maximization
Sample1 n=0.842, sp=0.4849, phi=2.029, lambda=1063.3,1540.8,1755.6,1153,952.73,1333.1,1474.1, F=3992
runEM iter 4  Log likelihood: 3987.41460793138
runEM iter4 Time: 0.006 min.
runEM iter5: Expectation
runEM iter5: Maximization
Sample1 n=0.8388, sp=0.4804, phi=2.049, lambda=1062.1,1513.1,1750,1176.6,1026,1341.4,1487.3, F=3988
runEM iter 5  Log likelihood: 3982.35156039306
runEM iter5 Time: 0.013 min.
runEM iter4: Re-calculating responsibilties from converged parameters.
runEM: Using optimal parameters from iter4
runEM: Total elapsed time: 0.06min.
runViterbi: Segmenting and classifying
runEM: Initialization
runEM iter1: Expectation
runEM iter1: Maximization
Sample1 n=0.8827, sp=0.337, phi=2.006, lambda=1011.2,1130.1,1210.5,259.6,182.72,171.3,704.87, F=3397
runEM iter 1  Log likelihood: 2972.62159227213
runEM iter1 Time: 0.022 min.
runEM iter2: Expectation
runEM iter2: Maximization
Sample1 n=0.8768, sp=0.4446, phi=1.957, lambda=1057.5,1513.5,1432.2,732.04,406.65,92.341,1417.5, F=3654
runEM iter 2  Log likelihood: 3571.39082026214
runEM iter2 Time: 0.019 min.
runEM iter3: Expectation
runEM iter3: Maximization
Sample1 n=0.8691, sp=0.4992, phi=1.914, lambda=1092.8,1648.1,1553.5,951.57,563.54,81.415,1527, F=3721
runEM iter 3  Log likelihood: 3679.1093816343
runEM iter3 Time: 0.018 min.
runEM iter4: Expectation
runEM iter4: Maximization
Sample1 n=0.865, sp=0.5422, phi=1.889, lambda=1113.4,1599.6,1752.3,1018.9,650.25,76.725,1489.6, F=3744
runEM iter 4  Log likelihood: 3730.51691630453
runEM iter4 Time: 0.019 min.
runEM iter5: Expectation
runEM iter5: Maximization
Sample1 n=0.8629, sp=0.5733, phi=1.878, lambda=1117.9,1563,1746.1,989.65,685.02,73.775,1501.7, F=3751
runEM iter 5  Log likelihood: 3747.41811075674
runEM iter5 Time: 0.022 min.
runEM iter6: Expectation
runEM iter6: Maximization
Sample1 n=0.8611, sp=0.5884, phi=1.869, lambda=1118.2,1543.6,1753,1030.9,729.02,72.457,1511.2, F=3754
runEM iter 6  Log likelihood: 3753.77225974962
runEM iter6 Time: 0.021 min.
runEM iter7: Expectation
runEM iter7: Maximization
Sample1 n=0.859, sp=0.5997, phi=1.858, lambda=1115.8,1529.5,1743.4,1125.4,804.19,71.102,1508.7, F=3754
runEM iter 7  Log likelihood: 3757.14121003966
runEM iter7 Time: 0.015 min.
runEM iter7: Re-calculating responsibilties from converged parameters.
runEM: Using optimal parameters from iter7
runEM: Total elapsed time: 0.14min.
runViterbi: Segmenting and classifying
runEM: Initialization
runEM iter1: Expectation
runEM iter1: Maximization
Sample1 n=0.888, sp=0.2481, phi=2.05, lambda=1040.9,885.02,1221.7,296.11,214.69,114.92,232.54, F=3382
runEM iter 1  Log likelihood: 2603.58926726566
runEM iter1 Time: 0.025 min.
runEM iter2: Expectation
runEM iter2: Maximization
Sample1 n=0.8834, sp=0.06402, phi=2.021, lambda=1081.4,1349.7,1278.7,702.29,374.84,132.26,732.78, F=3471
runEM iter 2  Log likelihood: 3428.7804870965
runEM iter2 Time: 0.025 min.
runEM iter3: Expectation
runEM iter3: Maximization
Sample1 n=0.8785, sp=0.2604, phi=1.988, lambda=1121.5,1545.6,1397.3,1249.9,445.45,111.25,1135.4, F=3603
runEM iter 3  Log likelihood: 3576.37291694806
runEM iter3 Time: 0.025 min.
runEM iter4: Expectation
runEM iter4: Maximization
Sample1 n=0.8739, sp=0.3929, phi=1.944, lambda=1128.5,1669.3,1583.3,1263.1,514.96,92.611,1449.3, F=3704
runEM iter 4  Log likelihood: 3669.98022389038
runEM iter4 Time: 0.025 min.
runEM iter5: Expectation
runEM iter5: Maximization
Sample1 n=0.8688, sp=0.4619, phi=1.912, lambda=1128.6,1740.2,1726,1131.2,579.07,84.562,1496.5, F=3733
runEM iter 5  Log likelihood: 3718.8985236265
runEM iter5 Time: 0.02 min.
runEM iter6: Expectation
runEM iter6: Maximization
Sample1 n=0.8653, sp=0.5123, phi=1.891, lambda=1126,1748.7,1783.6,1091.2,652.75,79.309,1510.9, F=3751
runEM iter 6  Log likelihood: 3747.57020281586
runEM iter6 Time: 0.02 min.
runEM iter7: Expectation
runEM iter7: Maximization
Sample1 n=0.8631, sp=0.5452, phi=1.879, lambda=1122.9,1721.6,1775.2,1042.3,687.47,76.078,1527.5, F=3753
runEM iter 7  Log likelihood: 3755.36178673239
runEM iter7 Time: 0.024 min.
runEM iter8: Expectation
runEM iter8: Maximization
Sample1 n=0.8609, sp=0.5671, phi=1.867, lambda=1119.7,1687.1,1769.9,1056.6,738.19,73.932,1529.4, F=3756
runEM iter 8  Log likelihood: 3760.63456944041
runEM iter8 Time: 0.024 min.
runEM iter9: Expectation
runEM iter9: Maximization
Sample1 n=0.8587, sp=0.5815, phi=1.854, lambda=1115.6,1660.4,1760.8,1137.7,820.27,72.232,1524.2, F=3756
runEM iter 9  Log likelihood: 3763.05741378504
runEM iter9 Time: 0.024 min.
runEM iter9: Re-calculating responsibilties from converged parameters.
runEM: Using optimal parameters from iter9
runEM: Total elapsed time: 0.21min.
runViterbi: Segmenting and classifying
runEM: Initialization
runEM iter1: Expectation
runEM iter1: Maximization
Sample1 n=0.8951, sp=0.3056, phi=2.014, lambda=998.41,575.39,1209.3,113.07,183.26,159.1,70.976, F=3243
runEM iter 1  Log likelihood: 2179.61573080818
runEM iter1 Time: 0.023 min.
runEM iter2: Expectation
runEM iter2: Maximization
Sample1 n=0.8846, sp=0.04945, phi=2.027, lambda=1078.2,1236.7,1268.6,724.96,378.64,138.25,731.71, F=3457
runEM iter 2  Log likelihood: 3379.14069604433
runEM iter2 Time: 0.025 min.
runEM iter3: Expectation
runEM iter3: Maximization
Sample1 n=0.8798, sp=0.257, phi=1.99, lambda=1110.4,1573.9,1377.6,1164.2,432.54,115.82,1115.6, F=3577
runEM iter 3  Log likelihood: 3548.76593708057
runEM iter3 Time: 0.027 min.
runEM iter4: Expectation
runEM iter4: Maximization
Sample1 n=0.8745, sp=0.397, phi=1.946, lambda=1121.9,1679.6,1562.5,1263.7,507.78,92.493,1436.2, F=3694
runEM iter 4  Log likelihood: 3655.72651894741
runEM iter4 Time: 0.033 min.
runEM iter5: Expectation
runEM iter5: Maximization
Sample1 n=0.8696, sp=0.4643, phi=1.916, lambda=1126.1,1718.9,1710.3,1173.6,566.81,84.297,1491.4, F=3724
runEM iter 5  Log likelihood: 3709.18151230898
runEM iter5 Time: 0.019 min.
runEM iter6: Expectation
runEM iter6: Maximization
Sample1 n=0.8655, sp=0.5158, phi=1.893, lambda=1125.2,1708.6,1782.2,1093.3,648.7,79.129,1501.4, F=3748
runEM iter 6  Log likelihood: 3741.11022990322
runEM iter6 Time: 0.021 min.
runEM iter7: Expectation
runEM iter7: Maximization
Sample1 n=0.8634, sp=0.5501, phi=1.881, lambda=1123.1,1677.2,1770.8,1045.1,682.31,75.812,1517, F=3750
runEM iter 7  Log likelihood: 3751.79980223685
runEM iter7 Time: 0.022 min.
runEM iter8: Expectation
runEM iter8: Maximization
Sample1 n=0.8612, sp=0.5726, phi=1.869, lambda=1120.5,1632.6,1766.2,1045.3,728.1,73.572,1522.4, F=3754
runEM iter 8  Log likelihood: 3757.0769051631
runEM iter8 Time: 0.02 min.
runEM iter9: Expectation
runEM iter9: Maximization
Sample1 n=0.8591, sp=0.5885, phi=1.858, lambda=1117,1595.8,1756,1126.5,804.29,71.852,1515.7, F=3754
runEM iter 9  Log likelihood: 3759.43251807952
runEM iter9 Time: 0.024 min.
runEM iter9: Re-calculating responsibilties from converged parameters.
runEM: Using optimal parameters from iter9
runEM: Total elapsed time: 0.21min.
runViterbi: Segmenting and classifying
Total ULP-WGS HMM Runtime: 0.9 min.
Writing segments to /scratch/alice/n/nhsas1/PTCL/ichorCNA/output/B2_S15_diploid/B2_S15_diploid.seg
Outputting to bin-level results to /scratch/alice/n/nhsas1/PTCL/ichorCNA/output/B2_S15_diploid/B2_S15_diploid.cna.seg
