Loading required package: data.table
Loading required package: stats4
Loading required package: BiocGenerics

Attaching package: ‘BiocGenerics’

The following objects are masked from ‘package:stats’:

    IQR, mad, sd, var, xtabs

The following objects are masked from ‘package:base’:

    anyDuplicated, aperm, append, as.data.frame, basename, cbind,
    colnames, dirname, do.call, duplicated, eval, evalq, Filter, Find,
    get, grep, grepl, intersect, is.unsorted, lapply, Map, mapply,
    match, mget, order, paste, pmax, pmax.int, pmin, pmin.int,
    Position, rank, rbind, Reduce, rownames, sapply, setdiff, sort,
    table, tapply, union, unique, unsplit, which.max, which.min

Loading required package: S4Vectors

Attaching package: ‘S4Vectors’

The following objects are masked from ‘package:data.table’:

    first, second

The following object is masked from ‘package:utils’:

    findMatches

The following objects are masked from ‘package:base’:

    expand.grid, I, unname

Loading required package: IRanges

Attaching package: ‘IRanges’

The following object is masked from ‘package:data.table’:

    shift

Loading required package: GenomeInfoDb

Attaching package: ‘ichorCNA’

The following object is masked from ‘package:HMMcopy’:

    HMMsegment

Warning message:
In (function (seqlevels, genome, new_style)  :
  cannot switch some hg19's seqlevels from UCSC to NCBI style
Loading tumour file:B3_S12_diploid
Slurping: /scratch/alice/n/nhsas1/PTCL/ichorCNA/wig_batch3/B3_S12.wig
Parsing: fixedStep chrom=chr1 start=1 step=1000000 span=1000000
Parsing: fixedStep chrom=chr2 start=1 step=1000000 span=1000000
Parsing: fixedStep chrom=chr3 start=1 step=1000000 span=1000000
Parsing: fixedStep chrom=chr4 start=1 step=1000000 span=1000000
Parsing: fixedStep chrom=chr5 start=1 step=1000000 span=1000000
Parsing: fixedStep chrom=chr6 start=1 step=1000000 span=1000000
Parsing: fixedStep chrom=chr7 start=1 step=1000000 span=1000000
Parsing: fixedStep chrom=chr8 start=1 step=1000000 span=1000000
Parsing: fixedStep chrom=chr9 start=1 step=1000000 span=1000000
Parsing: fixedStep chrom=chr10 start=1 step=1000000 span=1000000
Parsing: fixedStep chrom=chr11 start=1 step=1000000 span=1000000
Parsing: fixedStep chrom=chr12 start=1 step=1000000 span=1000000
Parsing: fixedStep chrom=chr13 start=1 step=1000000 span=1000000
Parsing: fixedStep chrom=chr14 start=1 step=1000000 span=1000000
Parsing: fixedStep chrom=chr15 start=1 step=1000000 span=1000000
Parsing: fixedStep chrom=chr16 start=1 step=1000000 span=1000000
Parsing: fixedStep chrom=chr17 start=1 step=1000000 span=1000000
Parsing: fixedStep chrom=chr18 start=1 step=1000000 span=1000000
Parsing: fixedStep chrom=chr19 start=1 step=1000000 span=1000000
Parsing: fixedStep chrom=chr20 start=1 step=1000000 span=1000000
Parsing: fixedStep chrom=chr21 start=1 step=1000000 span=1000000
Parsing: fixedStep chrom=chr22 start=1 step=1000000 span=1000000
Sorting by decreasing chromosome size
Reading GC and mappability files
Slurping: /scratch/alice/n/nhsas1/PTCL/scripts/ichorCNA/inst/extdata/gc_hg38_1000kb.wig
Parsing: fixedStep chrom=chr1 start=1 step=1000000 span=1000000
Parsing: fixedStep chrom=chr2 start=1 step=1000000 span=1000000
Parsing: fixedStep chrom=chr3 start=1 step=1000000 span=1000000
Parsing: fixedStep chrom=chr4 start=1 step=1000000 span=1000000
Parsing: fixedStep chrom=chr5 start=1 step=1000000 span=1000000
Parsing: fixedStep chrom=chr6 start=1 step=1000000 span=1000000
Parsing: fixedStep chrom=chr7 start=1 step=1000000 span=1000000
Parsing: fixedStep chrom=chr8 start=1 step=1000000 span=1000000
Parsing: fixedStep chrom=chr9 start=1 step=1000000 span=1000000
Parsing: fixedStep chrom=chr10 start=1 step=1000000 span=1000000
Parsing: fixedStep chrom=chr11 start=1 step=1000000 span=1000000
Parsing: fixedStep chrom=chr12 start=1 step=1000000 span=1000000
Parsing: fixedStep chrom=chr13 start=1 step=1000000 span=1000000
Parsing: fixedStep chrom=chr14 start=1 step=1000000 span=1000000
Parsing: fixedStep chrom=chr15 start=1 step=1000000 span=1000000
Parsing: fixedStep chrom=chr16 start=1 step=1000000 span=1000000
Parsing: fixedStep chrom=chr17 start=1 step=1000000 span=1000000
Parsing: fixedStep chrom=chr18 start=1 step=1000000 span=1000000
Parsing: fixedStep chrom=chr19 start=1 step=1000000 span=1000000
Parsing: fixedStep chrom=chr20 start=1 step=1000000 span=1000000
Parsing: fixedStep chrom=chr21 start=1 step=1000000 span=1000000
Parsing: fixedStep chrom=chr22 start=1 step=1000000 span=1000000
Parsing: fixedStep chrom=chrX start=1 step=1000000 span=1000000
Parsing: fixedStep chrom=chrY start=1 step=1000000 span=1000000
Sorting by decreasing chromosome size
Slurping: /scratch/alice/n/nhsas1/PTCL/scripts/ichorCNA/inst/extdata/map_hg38_1000kb.wig
Parsing: fixedStep chrom=chr1 start=1 step=1000000 span=1000000
Parsing: fixedStep chrom=chr2 start=1 step=1000000 span=1000000
Parsing: fixedStep chrom=chr3 start=1 step=1000000 span=1000000
Parsing: fixedStep chrom=chr4 start=1 step=1000000 span=1000000
Parsing: fixedStep chrom=chr5 start=1 step=1000000 span=1000000
Parsing: fixedStep chrom=chr6 start=1 step=1000000 span=1000000
Parsing: fixedStep chrom=chr7 start=1 step=1000000 span=1000000
Parsing: fixedStep chrom=chr8 start=1 step=1000000 span=1000000
Parsing: fixedStep chrom=chr9 start=1 step=1000000 span=1000000
Parsing: fixedStep chrom=chr10 start=1 step=1000000 span=1000000
Parsing: fixedStep chrom=chr11 start=1 step=1000000 span=1000000
Parsing: fixedStep chrom=chr12 start=1 step=1000000 span=1000000
Parsing: fixedStep chrom=chr13 start=1 step=1000000 span=1000000
Parsing: fixedStep chrom=chr14 start=1 step=1000000 span=1000000
Parsing: fixedStep chrom=chr15 start=1 step=1000000 span=1000000
Parsing: fixedStep chrom=chr16 start=1 step=1000000 span=1000000
Parsing: fixedStep chrom=chr17 start=1 step=1000000 span=1000000
Parsing: fixedStep chrom=chr18 start=1 step=1000000 span=1000000
Parsing: fixedStep chrom=chr19 start=1 step=1000000 span=1000000
Parsing: fixedStep chrom=chr20 start=1 step=1000000 span=1000000
Parsing: fixedStep chrom=chr21 start=1 step=1000000 span=1000000
Parsing: fixedStep chrom=chr22 start=1 step=1000000 span=1000000
Parsing: fixedStep chrom=chrX start=1 step=1000000 span=1000000
Parsing: fixedStep chrom=chrY start=1 step=1000000 span=1000000
Sorting by decreasing chromosome size
Correcting Tumour
Removed 114 bins near centromeres.
Applying filter on data...
Correcting for GC bias...
Correcting for mappability bias...
Filtering low uniqueness regions with mappability score < 0.9
Determining gender...Gender unknown
Outputting to: /scratch/alice/n/nhsas1/PTCL/ichorCNA/output_batch3/B3_S12_diploid/B3_S12_diploid.correctedDepth.txt
Warning message:
In regularize.values(x, y, ties, missing(ties), na.rm = na.rm) :
  collapsing to unique 'x' values
runEM: Initialization
runEM iter1: Expectation
runEM iter1: Maximization
Sample1 n=0.5977, sp=0.506, phi=1.994, lambda=1334.1,679.79,1185.4,144.93,72.605,1934,505.76, F=3414
runEM iter 1  Log likelihood: 3257.61579877839
runEM iter1 Time: 0.033 min.
runEM iter2: Expectation
runEM iter2: Maximization
Sample1 n=0.6906, sp=0.5114, phi=2.064, lambda=1335.6,925.11,1943.4,484.78,62.285,1936.9,1924.8, F=3922
runEM iter 2  Log likelihood: 3657.91499723517
runEM iter2 Time: 0.021 min.
runEM iter3: Expectation
runEM iter3: Maximization
Sample1 n=0.7336, sp=0.5493, phi=2.123, lambda=1336.4,1445.9,770.59,228.26,49.606,1679.3,2318.6, F=4308
runEM iter 3  Log likelihood: 4146.16183352771
runEM iter3 Time: 0.02 min.
runEM iter4: Expectation
runEM iter4: Maximization
Sample1 n=0.7141, sp=0.5728, phi=2.149, lambda=1332.6,1840.5,1045.3,170.03,47.267,1554.4,2300.2, F=4465
runEM iter 4  Log likelihood: 4426.99473993704
runEM iter4 Time: 0.016 min.
runEM iter5: Expectation
runEM iter5: Maximization
Sample1 n=0.6866, sp=0.5838, phi=2.157, lambda=1332.5,1920.2,1212,131.92,47.902,1598.5,2262.6, F=4493
runEM iter 5  Log likelihood: 4472.7739828044
runEM iter5 Time: 0.017 min.
runEM iter6: Expectation
runEM iter6: Maximization
Sample1 n=0.6608, sp=0.5937, phi=2.165, lambda=1333.7,1900.5,1420.3,118.65,49.283,2128.9,2226.6, F=4511
runEM iter 6  Log likelihood: 4491.61555238345
runEM iter6 Time: 0.018 min.
runEM iter7: Expectation
runEM iter7: Maximization
Sample1 n=0.6475, sp=0.5982, phi=2.168, lambda=1335,1919.4,1630.1,110.32,52.713,2544,2175.4, F=4523
runEM iter 7  Log likelihood: 4513.20740629218
runEM iter7 Time: 0.023 min.
runEM iter8: Expectation
runEM iter8: Maximization
Sample1 n=0.644, sp=0.5994, phi=2.169, lambda=1335.4,1926.2,1680.8,106.23,58.152,2540.5,2165, F=4524
runEM iter 8  Log likelihood: 4518.60767931614
runEM iter8 Time: 0.014 min.
runEM iter9: Expectation
runEM iter9: Maximization
Sample1 n=0.6429, sp=0.6002, phi=2.168, lambda=1335.7,1926.5,1692.8,105.54,62.055,2538,2165.3, F=4526
runEM iter 9  Log likelihood: 4520.1567783069
runEM iter9 Time: 0.013 min.
runEM iter9: Re-calculating responsibilties from converged parameters.
runEM: Using optimal parameters from iter9
runEM: Total elapsed time: 0.17min.
runViterbi: Segmenting and classifying
runEM: Initialization
runEM iter1: Expectation
runEM iter1: Maximization
Sample1 n=0.6832, sp=0.4896, phi=2.003, lambda=1334.3,700.95,2314,1124.5,57.521,1274.3,2024.7, F=3520
runEM iter 1  Log likelihood: 3326.07133555086
runEM iter1 Time: 0.036 min.
runEM iter2: Expectation
runEM iter2: Maximization
Sample1 n=0.7415, sp=0.5184, phi=2.039, lambda=1336.3,1015.6,1019,351.3,53.649,1424.2,2460.6, F=4076
runEM iter 2  Log likelihood: 3910.20191213744
runEM iter2 Time: 0.022 min.
runEM iter3: Expectation
runEM iter3: Maximization
Sample1 n=0.7889, sp=0.5345, phi=2.043, lambda=2860.1,1641,648.85,338.76,50.126,1747.7,2510.3, F=4351
runEM iter 3  Log likelihood: 4219.75819820754
runEM iter3 Time: 0.026 min.
runEM iter4: Expectation
runEM iter4: Maximization
Sample1 n=0.8109, sp=0.5319, phi=2.028, lambda=3572.4,2122.9,903.91,1405,51.86,2096.7,2375.4, F=4472
runEM iter 4  Log likelihood: 4434.75648048043
runEM iter4 Time: 0.023 min.
runEM iter5: Expectation
runEM iter5: Maximization
Sample1 n=0.8258, sp=0.5324, phi=2.033, lambda=2548,2385.3,1860,2240.2,50.387,2238.3,2537.6, F=4568
runEM iter 5  Log likelihood: 4545.6936257831
runEM iter5 Time: 0.026 min.
runEM iter6: Expectation
runEM iter6: Maximization
Sample1 n=0.8335, sp=0.5286, phi=2.033, lambda=2293.9,2488.7,2447.9,2384.4,50.834,2223.5,2646.2, F=4598
runEM iter 6  Log likelihood: 4600.94024341796
runEM iter6 Time: 0.03 min.
runEM iter7: Expectation
runEM iter7: Maximization
Sample1 n=0.8364, sp=0.5267, phi=2.03, lambda=2293.9,2488.7,2447.9,2384.4,50.835,2223.5,2646.2, F=4594
runEM iter 7  Log likelihood: 4604.44195589519
runEM iter7 Time: 0.0059 min.
runEM iter7: Re-calculating responsibilties from converged parameters.
runEM: Using optimal parameters from iter7
runEM: Total elapsed time: 0.17min.
runViterbi: Segmenting and classifying
runEM: Initialization
runEM iter1: Expectation
runEM iter1: Maximization
Sample1 n=0.7442, sp=0.4278, phi=2.002, lambda=1234.5,717.55,1234,1162.8,47.68,962.64,2654.3, F=3546
runEM iter 1  Log likelihood: 3379.89892108586
runEM iter1 Time: 0.045 min.
runEM iter2: Expectation
runEM iter2: Maximization
Sample1 n=0.7966, sp=0.4523, phi=1.982, lambda=2904.8,1143.9,519.9,1273.9,54.375,1657.1,2514.5, F=4208
runEM iter 2  Log likelihood: 3990.23666850572
runEM iter2 Time: 0.025 min.
runEM iter3: Expectation
runEM iter3: Maximization
Sample1 n=0.8279, sp=0.4762, phi=1.982, lambda=2322.6,1828.6,681.94,2143,51.861,2142.9,2604.6, F=4486
runEM iter 3  Log likelihood: 4377.56504205874
runEM iter3 Time: 0.031 min.
runEM iter4: Expectation
runEM iter4: Maximization
Sample1 n=0.8363, sp=0.4924, phi=1.983, lambda=1966.3,2300.6,1580.5,2394.1,51.365,2217.8,2493.4, F=4507
runEM iter 4  Log likelihood: 4503.77274269723
runEM iter4 Time: 0.03 min.
runEM iter5: Expectation
runEM iter5: Maximization
Sample1 n=0.8417, sp=0.5074, phi=2.002, lambda=1879,2569.1,2248.7,2416.6,51.331,2204.7,2624.3, F=4553
runEM iter 5  Log likelihood: 4552.28983352928
runEM iter5 Time: 0.02 min.
runEM iter6: Expectation
runEM iter6: Maximization
Sample1 n=0.8423, sp=0.5174, phi=2.014, lambda=1879,2569.1,2248.7,2416.6,51.331,2204.7,2624.3, F=4568
runEM iter 6  Log likelihood: 4571.89315327821
runEM iter6 Time: 0.0069 min.
runEM iter7: Expectation
runEM iter7: Maximization
Sample1 n=0.841, sp=0.523, phi=2.019, lambda=1879,2569.1,2248.7,2416.6,51.331,2204.7,2624.3, F=4575
runEM iter 7  Log likelihood: 4581.75370721618
runEM iter7 Time: 0.0058 min.
runEM iter8: Expectation
runEM iter8: Maximization
Sample1 n=0.8404, sp=0.5258, phi=2.021, lambda=1879,2569.1,2248.7,2416.6,51.331,2204.7,2624.3, F=4578
runEM iter 8  Log likelihood: 4586.38690464519
runEM iter8 Time: 0.0058 min.
runEM iter9: Expectation
runEM iter9: Maximization
Sample1 n=0.8403, sp=0.5271, phi=2.023, lambda=2024.3,2639.2,2430.6,2420.9,51.288,2195.7,2712.5, F=4582
runEM iter 9  Log likelihood: 4590.16957569595
runEM iter9 Time: 0.011 min.
runEM iter9: Re-calculating responsibilties from converged parameters.
runEM: Using optimal parameters from iter9
runEM: Total elapsed time: 0.18min.
runViterbi: Segmenting and classifying
runEM: Initialization
runEM iter1: Expectation
runEM iter1: Maximization
Sample1 n=0.8605, sp=0.4892, phi=2.126, lambda=1698.9,949.4,2016.8,618.56,36.918,1314.5,1220.2, F=3968
runEM iter 1  Log likelihood: 3643.37939330315
runEM iter1 Time: 0.031 min.
runEM iter2: Expectation
runEM iter2: Maximization
Sample1 n=0.8586, sp=0.5133, phi=2.12, lambda=1774.1,2323.4,2365.1,1383.1,47.976,2117.7,2913.6, F=4686
runEM iter 2  Log likelihood: 4530.26046290886
runEM iter2 Time: 0.021 min.
runEM iter3: Expectation
runEM iter3: Maximization
Sample1 n=0.8546, sp=0.5137, phi=2.109, lambda=1912.3,2464.8,2430.4,1585.9,49.38,2167.4,3060.1, F=4690
runEM iter 3  Log likelihood: 4683.31424282187
runEM iter3 Time: 0.02 min.
runEM iter4: Expectation
runEM iter4: Maximization
Sample1 n=0.8516, sp=0.515, phi=2.097, lambda=1912.3,2464.8,2430.4,1585.9,49.381,2167.4,3060.1, F=4692
runEM iter 4  Log likelihood: 4693.99629028438
runEM iter4 Time: 0.0067 min.
runEM iter5: Expectation
runEM iter5: Maximization
Sample1 n=0.8504, sp=0.5165, phi=2.092, lambda=1999.7,2527.6,2459.5,1895.5,50.03,2189.4,3210.8, F=4690
runEM iter 5  Log likelihood: 4697.11024729677
runEM iter5 Time: 0.022 min.
runEM iter5: Re-calculating responsibilties from converged parameters.
runEM: Using optimal parameters from iter5
runEM: Total elapsed time: 0.1min.
runViterbi: Segmenting and classifying
runEM: Initialization
runEM iter1: Expectation
runEM iter1: Maximization
Sample1 n=0.9089, sp=0.4985, phi=2.021, lambda=1568.3,1921.9,2056.8,307.86,32.099,1328.9,1312.9, F=4212
runEM iter 1  Log likelihood: 3900.46032805261
runEM iter1 Time: 0.034 min.
runEM iter2: Expectation
runEM iter2: Maximization
Sample1 n=0.9061, sp=0.4839, phi=2.029, lambda=1566.8,2555.8,2401.3,525.06,36.189,2255.2,2820.5, F=4409
runEM iter 2  Log likelihood: 4360.79225653707
runEM iter2 Time: 0.038 min.
runEM iter3: Expectation
runEM iter3: Maximization
Sample1 n=0.8962, sp=0.4845, phi=1.997, lambda=1453.1,2905.8,2401.9,693.8,40.404,2330.7,3591.7, F=4495
runEM iter 3  Log likelihood: 4461.14715246114
runEM iter3 Time: 0.022 min.
runEM iter4: Expectation
runEM iter4: Maximization
Sample1 n=0.8856, sp=0.4765, phi=2.005, lambda=1342.8,3173,2474.7,887.86,43.741,2233.2,3613.3, F=4543
runEM iter 4  Log likelihood: 4519.0285369784
runEM iter4 Time: 0.025 min.
runEM iter5: Expectation
runEM iter5: Maximization
Sample1 n=0.8771, sp=0.4839, phi=2.014, lambda=1343,3198.3,2631.4,1092.3,46.113,2179.4,3284.7, F=4574
runEM iter 5  Log likelihood: 4559.57613348056
runEM iter5 Time: 0.017 min.
runEM iter6: Expectation
runEM iter6: Maximization
Sample1 n=0.8707, sp=0.4929, phi=2.024, lambda=1390,3046.9,2718.2,1229.5,47.599,2164.9,3267.5, F=4592
runEM iter 6  Log likelihood: 4584.97274230452
runEM iter6 Time: 0.019 min.
runEM iter7: Expectation
runEM iter7: Maximization
Sample1 n=0.866, sp=0.4959, phi=2.042, lambda=1545.8,2736.7,2754.5,1328.4,48.388,2176.9,3242.3, F=4630
runEM iter 7  Log likelihood: 4628.11280283796
runEM iter7 Time: 0.02 min.
runEM iter8: Expectation
runEM iter8: Maximization
Sample1 n=0.8636, sp=0.4986, phi=2.049, lambda=1545.8,2736.7,2754.5,1328.4,48.389,2176.9,3242.3, F=4645
runEM iter 8  Log likelihood: 4649.96634864234
runEM iter8 Time: 0.0058 min.
runEM iter9: Expectation
runEM iter9: Maximization
Sample1 n=0.8623, sp=0.4998, phi=2.053, lambda=1545.8,2736.7,2754.5,1328.4,48.391,2176.9,3242.3, F=4648
runEM iter 9  Log likelihood: 4656.34918710345
runEM iter9 Time: 0.0058 min.
runEM iter10: Expectation
runEM iter10: Maximization
Sample1 n=0.8612, sp=0.5007, phi=2.056, lambda=1595,2697.6,2764.2,1489.8,49.053,2221.7,3189.9, F=4647
runEM iter 10  Log likelihood: 4656.6180638296
runEM iter10 Time: 0.015 min.
runEM iter10: Re-calculating responsibilties from converged parameters.
runEM: Using optimal parameters from iter10
runEM: Total elapsed time: 0.2min.
runViterbi: Segmenting and classifying
runEM: Initialization
runEM iter1: Expectation
runEM iter1: Maximization
Sample1 n=0.9209, sp=0.05741, phi=1.936, lambda=1942.9,1978.3,2069.2,426.12,89.379,221.28,1330.1, F=4157
runEM iter 1  Log likelihood: 3665.66603921686
runEM iter1 Time: 0.025 min.
runEM iter2: Expectation
runEM iter2: Maximization
Sample1 n=0.9194, sp=0.01865, phi=1.943, lambda=2047.5,2378.7,2331.5,743.9,179.43,258.35,1450.5, F=4278
runEM iter 2  Log likelihood: 4256.01726762476
runEM iter2 Time: 0.023 min.
runEM iter3: Expectation
runEM iter3: Maximization
Sample1 n=0.9219, sp=0.01638, phi=1.983, lambda=2072.8,2489,2568,2091,245.15,295.92,1601.3, F=4366
runEM iter 3  Log likelihood: 4337.55214255768
runEM iter3 Time: 0.02 min.
runEM iter4: Expectation
runEM iter4: Maximization
Sample1 n=0.9231, sp=0.01421, phi=2.011, lambda=2088.8,2544.6,2710.5,2565.3,214.71,327.35,1828.7, F=4412
runEM iter 4  Log likelihood: 4403.55262603026
runEM iter4 Time: 0.019 min.
runEM iter5: Expectation
runEM iter5: Maximization
Sample1 n=0.9232, sp=0.01093, phi=2.026, lambda=2105.8,2551.2,2815.2,2583.4,209.28,336.48,1899.1, F=4464
runEM iter 5  Log likelihood: 4462.51417418794
runEM iter5 Time: 0.015 min.
runEM iter6: Expectation
runEM iter6: Maximization
Sample1 n=0.923, sp=0.009038, phi=2.033, lambda=2105.8,2551.2,2815.2,2583.4,209.28,336.48,1899.1, F=4504
runEM iter 6  Log likelihood: 4503.29003322874
runEM iter6 Time: 0.0071 min.
runEM iter7: Expectation
runEM iter7: Maximization
Sample1 n=0.9227, sp=0.008506, phi=2.037, lambda=2127.5,2535.7,3013.7,2601.8,210.94,345.2,1934.5, F=4519
runEM iter 7  Log likelihood: 4519.74084489237
runEM iter7 Time: 0.02 min.
runEM iter8: Expectation
runEM iter8: Maximization
Sample1 n=0.9225, sp=0.007603, phi=2.041, lambda=2127.5,2535.7,3013.7,2601.8,210.94,345.2,1934.5, F=4529
runEM iter 8  Log likelihood: 4530.6379029214
runEM iter8 Time: 0.011 min.
runEM iter9: Expectation
runEM iter9: Maximization
Sample1 n=0.9223, sp=0.007465, phi=2.044, lambda=2127.5,2535.7,3013.7,2601.8,210.94,345.2,1934.5, F=4534
runEM iter 9  Log likelihood: 4535.65759622779
runEM iter9 Time: 0.011 min.
runEM iter10: Expectation
runEM iter10: Maximization
Sample1 n=0.9222, sp=0.007426, phi=2.046, lambda=2127.5,2535.7,3013.7,2601.8,210.94,345.21,1934.5, F=4537
runEM iter 10  Log likelihood: 4539.33817288185
runEM iter10 Time: 0.012 min.
runEM iter10: Re-calculating responsibilties from converged parameters.
runEM: Using optimal parameters from iter10
runEM: Total elapsed time: 0.16min.
runViterbi: Segmenting and classifying
runEM: Initialization
runEM iter1: Expectation
runEM iter1: Maximization
Sample1 n=0.927, sp=0.05859, phi=1.934, lambda=1859.7,1330.8,1918.4,994.4,125.68,209.41,171.32, F=4069
runEM iter 1  Log likelihood: 3162.96056308716
runEM iter1 Time: 0.018 min.
runEM iter2: Expectation
runEM iter2: Maximization
Sample1 n=0.9251, sp=0.02053, phi=1.98, lambda=2036.7,2518.2,2619.2,2028.7,207.02,243.14,1341.6, F=4357
runEM iter 2  Log likelihood: 4301.32255738575
runEM iter2 Time: 0.023 min.
runEM iter3: Expectation
runEM iter3: Maximization
Sample1 n=0.9255, sp=0.01758, phi=2.006, lambda=2056,2526.1,2743.7,2487.5,237.65,251.3,1593.1, F=4406
runEM iter 3  Log likelihood: 4394.02692604959
runEM iter3 Time: 0.021 min.
runEM iter4: Expectation
runEM iter4: Maximization
Sample1 n=0.9253, sp=0.01197, phi=2.026, lambda=2084.5,2557.9,2848.9,2497.2,231.2,262.21,1703, F=4457
runEM iter 4  Log likelihood: 4450.09183886244
runEM iter4 Time: 0.016 min.
runEM iter5: Expectation
runEM iter5: Maximization
Sample1 n=0.9254, sp=0.009157, phi=2.041, lambda=2100.8,2565.1,2968.1,2508.2,216.26,280.11,1716.3, F=4486
runEM iter 5  Log likelihood: 4482.41334939493
runEM iter5 Time: 0.015 min.
runEM iter6: Expectation
runEM iter6: Maximization
Sample1 n=0.9266, sp=0.009515, phi=2.061, lambda=2110,2576.7,3055,2528,182.82,318.25,1714.1, F=4494
runEM iter 6  Log likelihood: 4492.41790612467
runEM iter6 Time: 0.015 min.
runEM iter7: Expectation
runEM iter7: Maximization
Sample1 n=0.9289, sp=0.0129, phi=2.096, lambda=2119.9,2596.6,3156.5,2513.8,158.83,330.26,1905.4, F=4497
runEM iter 7  Log likelihood: 4494.8051407852
runEM iter7 Time: 0.014 min.
runEM iter7: Re-calculating responsibilties from converged parameters.
runEM: Using optimal parameters from iter7
runEM: Total elapsed time: 0.12min.
runViterbi: Segmenting and classifying
Total ULP-WGS HMM Runtime: 1.1 min.
Writing segments to /scratch/alice/n/nhsas1/PTCL/ichorCNA/output_batch3/B3_S12_diploid/B3_S12_diploid.seg
Outputting to bin-level results to /scratch/alice/n/nhsas1/PTCL/ichorCNA/output_batch3/B3_S12_diploid/B3_S12_diploid.cna.seg
