Loading required package: data.table
Loading required package: stats4
Loading required package: BiocGenerics

Attaching package: ‘BiocGenerics’

The following objects are masked from ‘package:stats’:

    IQR, mad, sd, var, xtabs

The following objects are masked from ‘package:base’:

    anyDuplicated, aperm, append, as.data.frame, basename, cbind,
    colnames, dirname, do.call, duplicated, eval, evalq, Filter, Find,
    get, grep, grepl, intersect, is.unsorted, lapply, Map, mapply,
    match, mget, order, paste, pmax, pmax.int, pmin, pmin.int,
    Position, rank, rbind, Reduce, rownames, sapply, setdiff, sort,
    table, tapply, union, unique, unsplit, which.max, which.min

Loading required package: S4Vectors

Attaching package: ‘S4Vectors’

The following objects are masked from ‘package:data.table’:

    first, second

The following object is masked from ‘package:utils’:

    findMatches

The following objects are masked from ‘package:base’:

    expand.grid, I, unname

Loading required package: IRanges

Attaching package: ‘IRanges’

The following object is masked from ‘package:data.table’:

    shift

Loading required package: GenomeInfoDb

Attaching package: ‘ichorCNA’

The following object is masked from ‘package:HMMcopy’:

    HMMsegment

Warning message:
In (function (seqlevels, genome, new_style)  :
  cannot switch some hg19's seqlevels from UCSC to NCBI style
Loading tumour file:B3_S12_noSubclone
Slurping: /scratch/alice/n/nhsas1/PTCL/ichorCNA/wig_batch3/B3_S12.wig
Parsing: fixedStep chrom=chr1 start=1 step=1000000 span=1000000
Parsing: fixedStep chrom=chr2 start=1 step=1000000 span=1000000
Parsing: fixedStep chrom=chr3 start=1 step=1000000 span=1000000
Parsing: fixedStep chrom=chr4 start=1 step=1000000 span=1000000
Parsing: fixedStep chrom=chr5 start=1 step=1000000 span=1000000
Parsing: fixedStep chrom=chr6 start=1 step=1000000 span=1000000
Parsing: fixedStep chrom=chr7 start=1 step=1000000 span=1000000
Parsing: fixedStep chrom=chr8 start=1 step=1000000 span=1000000
Parsing: fixedStep chrom=chr9 start=1 step=1000000 span=1000000
Parsing: fixedStep chrom=chr10 start=1 step=1000000 span=1000000
Parsing: fixedStep chrom=chr11 start=1 step=1000000 span=1000000
Parsing: fixedStep chrom=chr12 start=1 step=1000000 span=1000000
Parsing: fixedStep chrom=chr13 start=1 step=1000000 span=1000000
Parsing: fixedStep chrom=chr14 start=1 step=1000000 span=1000000
Parsing: fixedStep chrom=chr15 start=1 step=1000000 span=1000000
Parsing: fixedStep chrom=chr16 start=1 step=1000000 span=1000000
Parsing: fixedStep chrom=chr17 start=1 step=1000000 span=1000000
Parsing: fixedStep chrom=chr18 start=1 step=1000000 span=1000000
Parsing: fixedStep chrom=chr19 start=1 step=1000000 span=1000000
Parsing: fixedStep chrom=chr20 start=1 step=1000000 span=1000000
Parsing: fixedStep chrom=chr21 start=1 step=1000000 span=1000000
Parsing: fixedStep chrom=chr22 start=1 step=1000000 span=1000000
Sorting by decreasing chromosome size
Reading GC and mappability files
Slurping: /scratch/alice/n/nhsas1/PTCL/scripts/ichorCNA/inst/extdata/gc_hg38_1000kb.wig
Parsing: fixedStep chrom=chr1 start=1 step=1000000 span=1000000
Parsing: fixedStep chrom=chr2 start=1 step=1000000 span=1000000
Parsing: fixedStep chrom=chr3 start=1 step=1000000 span=1000000
Parsing: fixedStep chrom=chr4 start=1 step=1000000 span=1000000
Parsing: fixedStep chrom=chr5 start=1 step=1000000 span=1000000
Parsing: fixedStep chrom=chr6 start=1 step=1000000 span=1000000
Parsing: fixedStep chrom=chr7 start=1 step=1000000 span=1000000
Parsing: fixedStep chrom=chr8 start=1 step=1000000 span=1000000
Parsing: fixedStep chrom=chr9 start=1 step=1000000 span=1000000
Parsing: fixedStep chrom=chr10 start=1 step=1000000 span=1000000
Parsing: fixedStep chrom=chr11 start=1 step=1000000 span=1000000
Parsing: fixedStep chrom=chr12 start=1 step=1000000 span=1000000
Parsing: fixedStep chrom=chr13 start=1 step=1000000 span=1000000
Parsing: fixedStep chrom=chr14 start=1 step=1000000 span=1000000
Parsing: fixedStep chrom=chr15 start=1 step=1000000 span=1000000
Parsing: fixedStep chrom=chr16 start=1 step=1000000 span=1000000
Parsing: fixedStep chrom=chr17 start=1 step=1000000 span=1000000
Parsing: fixedStep chrom=chr18 start=1 step=1000000 span=1000000
Parsing: fixedStep chrom=chr19 start=1 step=1000000 span=1000000
Parsing: fixedStep chrom=chr20 start=1 step=1000000 span=1000000
Parsing: fixedStep chrom=chr21 start=1 step=1000000 span=1000000
Parsing: fixedStep chrom=chr22 start=1 step=1000000 span=1000000
Parsing: fixedStep chrom=chrX start=1 step=1000000 span=1000000
Parsing: fixedStep chrom=chrY start=1 step=1000000 span=1000000
Sorting by decreasing chromosome size
Slurping: /scratch/alice/n/nhsas1/PTCL/scripts/ichorCNA/inst/extdata/map_hg38_1000kb.wig
Parsing: fixedStep chrom=chr1 start=1 step=1000000 span=1000000
Parsing: fixedStep chrom=chr2 start=1 step=1000000 span=1000000
Parsing: fixedStep chrom=chr3 start=1 step=1000000 span=1000000
Parsing: fixedStep chrom=chr4 start=1 step=1000000 span=1000000
Parsing: fixedStep chrom=chr5 start=1 step=1000000 span=1000000
Parsing: fixedStep chrom=chr6 start=1 step=1000000 span=1000000
Parsing: fixedStep chrom=chr7 start=1 step=1000000 span=1000000
Parsing: fixedStep chrom=chr8 start=1 step=1000000 span=1000000
Parsing: fixedStep chrom=chr9 start=1 step=1000000 span=1000000
Parsing: fixedStep chrom=chr10 start=1 step=1000000 span=1000000
Parsing: fixedStep chrom=chr11 start=1 step=1000000 span=1000000
Parsing: fixedStep chrom=chr12 start=1 step=1000000 span=1000000
Parsing: fixedStep chrom=chr13 start=1 step=1000000 span=1000000
Parsing: fixedStep chrom=chr14 start=1 step=1000000 span=1000000
Parsing: fixedStep chrom=chr15 start=1 step=1000000 span=1000000
Parsing: fixedStep chrom=chr16 start=1 step=1000000 span=1000000
Parsing: fixedStep chrom=chr17 start=1 step=1000000 span=1000000
Parsing: fixedStep chrom=chr18 start=1 step=1000000 span=1000000
Parsing: fixedStep chrom=chr19 start=1 step=1000000 span=1000000
Parsing: fixedStep chrom=chr20 start=1 step=1000000 span=1000000
Parsing: fixedStep chrom=chr21 start=1 step=1000000 span=1000000
Parsing: fixedStep chrom=chr22 start=1 step=1000000 span=1000000
Parsing: fixedStep chrom=chrX start=1 step=1000000 span=1000000
Parsing: fixedStep chrom=chrY start=1 step=1000000 span=1000000
Sorting by decreasing chromosome size
Correcting Tumour
Removed 114 bins near centromeres.
Applying filter on data...
Correcting for GC bias...
Correcting for mappability bias...
Filtering low uniqueness regions with mappability score < 0.9
Determining gender...Gender unknown
Outputting to: /scratch/alice/n/nhsas1/PTCL/ichorCNA/output_batch3/B3_S12_noSubclone/B3_S12_noSubclone.correctedDepth.txt
Warning message:
In regularize.values(x, y, ties, missing(ties), na.rm = na.rm) :
  collapsing to unique 'x' values
runEM: Initialization
runEM iter1: Expectation
runEM iter1: Maximization
Sample1 n=0.6714, sp=0.5, phi=2.011, lambda=955.08,595.45,1755.8,61.871,118.8, F=3148
runEM iter 1  Log likelihood: 3058.38489511409
runEM iter1 Time: 0.016 min.
runEM iter2: Expectation
runEM iter2: Maximization
Sample1 n=0.7398, sp=0.5, phi=1.994, lambda=1055.6,635,1370.5,94.399,67.409, F=3245
runEM iter 2  Log likelihood: 3206.93346007408
runEM iter2 Time: 0.01 min.
runEM iter3: Expectation
runEM iter3: Maximization
Sample1 n=0.7943, sp=0.5, phi=1.975, lambda=2575.4,694.79,795.86,124.28,42.769, F=3427
runEM iter 3  Log likelihood: 3356.84156228916
runEM iter3 Time: 0.013 min.
runEM iter4: Expectation
runEM iter4: Maximization
Sample1 n=0.832, sp=0.5, phi=2.092, lambda=2471,825.89,1371.5,137.89,38.519, F=3677
runEM iter 4  Log likelihood: 3561.54482557416
runEM iter4 Time: 0.0097 min.
runEM iter5: Expectation
runEM iter5: Maximization
Sample1 n=0.8639, sp=0.5, phi=2.221, lambda=1736.8,1142.1,2141.1,424.95,31.515, F=4096
runEM iter 5  Log likelihood: 3922.80528415629
runEM iter5 Time: 0.012 min.
runEM iter6: Expectation
runEM iter6: Maximization
Sample1 n=0.8718, sp=0.5, phi=2.353, lambda=1660.1,1764.3,2337.4,654.04,39.217, F=4414
runEM iter 6  Log likelihood: 4300.33432684954
runEM iter6 Time: 0.011 min.
runEM iter7: Expectation
runEM iter7: Maximization
Sample1 n=0.8629, sp=0.5, phi=2.377, lambda=1531.1,1869,2290.5,804.09,43.955, F=4442
runEM iter 7  Log likelihood: 4430.34676334057
runEM iter7 Time: 0.011 min.
runEM iter8: Expectation
runEM iter8: Maximization
Sample1 n=0.854, sp=0.5, phi=2.405, lambda=2348.5,1858.1,2251.7,884.33,45.332, F=4460
runEM iter 8  Log likelihood: 4442.48400337033
runEM iter8 Time: 0.013 min.
runEM iter9: Expectation
runEM iter9: Maximization
Sample1 n=0.8542, sp=0.5, phi=2.412, lambda=2393.4,1894.3,2191,878.82,44.785, F=4459
runEM iter 9  Log likelihood: 4456.26248108063
runEM iter9 Time: 0.011 min.
runEM iter10: Expectation
runEM iter10: Maximization
Sample1 n=0.8543, sp=0.5, phi=2.415, lambda=2393.4,1894.3,2191,878.82,44.785, F=4459
runEM iter 10  Log likelihood: 4455.6369715027
runEM iter10 Time: 0.0045 min.
runEM iter9: Re-calculating responsibilties from converged parameters.
runEM: Using optimal parameters from iter9
runEM: Total elapsed time: 0.11min.
runViterbi: Segmenting and classifying
runEM: Initialization
runEM iter1: Expectation
runEM iter1: Maximization
Sample1 n=0.5917, sp=0.5, phi=3.012, lambda=952,941.76,599.76,1460.1,49.144, F=2579
runEM iter 1  Log likelihood: 2479.24931962491
runEM iter1 Time: 0.013 min.
runEM iter2: Expectation
runEM iter2: Maximization
Sample1 n=0.703, sp=0.5, phi=2.996, lambda=953.3,1116.3,633.41,1353.5,55.86, F=2675
runEM iter 2  Log likelihood: 2627.02777021748
runEM iter2 Time: 0.014 min.
runEM iter3: Expectation
runEM iter3: Maximization
Sample1 n=0.7758, sp=0.5, phi=2.983, lambda=953.89,2653.4,701.37,802.72,46.999, F=2906
runEM iter 3  Log likelihood: 2824.53774873357
runEM iter3 Time: 0.012 min.
runEM iter4: Expectation
runEM iter4: Maximization
Sample1 n=0.8281, sp=0.5, phi=3.134, lambda=954.39,2366.6,894.46,1642.4,38.478, F=3311
runEM iter 4  Log likelihood: 3114.09561413981
runEM iter4 Time: 0.011 min.
runEM iter5: Expectation
runEM iter5: Maximization
Sample1 n=0.8631, sp=0.5, phi=3.29, lambda=954.6,1707.8,1440.4,2158.8,101.2, F=3879
runEM iter 5  Log likelihood: 3656.98290889622
runEM iter5 Time: 0.0099 min.
runEM iter6: Expectation
runEM iter6: Maximization
Sample1 n=0.8566, sp=0.5, phi=3.364, lambda=954.68,1587.5,1833.6,2212,180.49, F=4081
runEM iter 6  Log likelihood: 4034.79138581866
runEM iter6 Time: 0.01 min.
runEM iter7: Expectation
runEM iter7: Maximization
Sample1 n=0.8445, sp=0.5, phi=3.402, lambda=954.71,2285.6,1850.1,2259.4,301.35, F=4095
runEM iter 7  Log likelihood: 4065.00001820909
runEM iter7 Time: 0.0084 min.
runEM iter8: Expectation
runEM iter8: Maximization
Sample1 n=0.8436, sp=0.5, phi=3.414, lambda=954.86,2411.7,1896.6,2188.9,301.71, F=4102
runEM iter 8  Log likelihood: 4094.74798775533
runEM iter8 Time: 0.0067 min.
runEM iter9: Expectation
runEM iter9: Maximization
Sample1 n=0.8438, sp=0.5, phi=3.417, lambda=954.86,2411.7,1896.6,2188.9,301.71, F=4103
runEM iter 9  Log likelihood: 4096.54786962847
runEM iter9 Time: 0.0044 min.
runEM iter9: Re-calculating responsibilties from converged parameters.
runEM: Using optimal parameters from iter9
runEM: Total elapsed time: 0.09min.
runViterbi: Segmenting and classifying
runEM: Initialization
runEM iter1: Expectation
runEM iter1: Maximization
Sample1 n=0.6842, sp=0.5, phi=2.012, lambda=944.41,598.21,2069.2,268.08,56.999, F=3164
runEM iter 1  Log likelihood: 3101.67645039201
runEM iter1 Time: 0.016 min.
runEM iter2: Expectation
runEM iter2: Maximization
Sample1 n=0.7668, sp=0.5, phi=1.974, lambda=1833.8,655.61,1110.8,216.37,46.337, F=3324
runEM iter 2  Log likelihood: 3240.77298555844
runEM iter2 Time: 0.014 min.
runEM iter3: Expectation
runEM iter3: Maximization
Sample1 n=0.8156, sp=0.5, phi=2.028, lambda=2635.2,751.23,1008.9,153.47,42.936, F=3541
runEM iter 3  Log likelihood: 3450.96086988686
runEM iter3 Time: 0.012 min.
runEM iter4: Expectation
runEM iter4: Maximization
Sample1 n=0.8517, sp=0.5, phi=2.175, lambda=2093.6,968.67,2149.5,623.04,35.629, F=3949
runEM iter 4  Log likelihood: 3753.66767457105
runEM iter4 Time: 0.013 min.
runEM iter5: Expectation
runEM iter5: Maximization
Sample1 n=0.8711, sp=0.5, phi=2.313, lambda=1688.9,1585,2332.9,564.67,42.813, F=4338
runEM iter 5  Log likelihood: 4178.18906373073
runEM iter5 Time: 0.013 min.
runEM iter6: Expectation
runEM iter6: Maximization
Sample1 n=0.8644, sp=0.5, phi=2.369, lambda=1559.2,1840.2,2326.8,793.4,43.867, F=4441
runEM iter 6  Log likelihood: 4415.50019853383
runEM iter6 Time: 0.012 min.
runEM iter7: Expectation
runEM iter7: Maximization
Sample1 n=0.8543, sp=0.5, phi=2.401, lambda=2330.5,1844.8,2270.7,885.75,45.36, F=4461
runEM iter 7  Log likelihood: 4439.00658201203
runEM iter7 Time: 0.013 min.
runEM iter8: Expectation
runEM iter8: Maximization
Sample1 n=0.8541, sp=0.5, phi=2.41, lambda=2398,1887.7,2202.4,883.15,44.882, F=4459
runEM iter 8  Log likelihood: 4456.5308461592
runEM iter8 Time: 0.011 min.
runEM iter9: Expectation
runEM iter9: Maximization
Sample1 n=0.8543, sp=0.5, phi=2.415, lambda=2398,1887.7,2202.4,883.15,44.882, F=4459
runEM iter 9  Log likelihood: 4455.78825397621
runEM iter9 Time: 0.0045 min.
runEM iter8: Re-calculating responsibilties from converged parameters.
runEM: Using optimal parameters from iter8
runEM: Total elapsed time: 0.11min.
runViterbi: Segmenting and classifying
runEM: Initialization
runEM iter1: Expectation
runEM iter1: Maximization
Sample1 n=0.7707, sp=0.5, phi=2.987, lambda=957.03,3091.2,651.98,415.83,38.092, F=2772
runEM iter 1  Log likelihood: 2573.31622448201
runEM iter1 Time: 0.014 min.
runEM iter2: Expectation
runEM iter2: Maximization
Sample1 n=0.817, sp=0.5, phi=3.124, lambda=955.74,2538.8,888.41,1495.7,40.051, F=3304
runEM iter 2  Log likelihood: 3084.61417006587
runEM iter2 Time: 0.012 min.
runEM iter3: Expectation
runEM iter3: Maximization
Sample1 n=0.8517, sp=0.5, phi=3.29, lambda=955.35,2269.5,1291.7,2168.9,113.54, F=3761
runEM iter 3  Log likelihood: 3542.84482111397
runEM iter3 Time: 0.0099 min.
runEM iter4: Expectation
runEM iter4: Maximization
Sample1 n=0.8493, sp=0.5, phi=3.382, lambda=955.1,2136.3,1797.3,2212.1,184.21, F=4066
runEM iter 4  Log likelihood: 3998.18354893557
runEM iter4 Time: 0.0083 min.
runEM iter5: Expectation
runEM iter5: Maximization
Sample1 n=0.8439, sp=0.5, phi=3.407, lambda=954.97,2433,1864.5,2236.9,298.9, F=4097
runEM iter 5  Log likelihood: 4082.96714813181
runEM iter5 Time: 0.0098 min.
runEM iter6: Expectation
runEM iter6: Maximization
Sample1 n=0.8437, sp=0.5, phi=3.415, lambda=954.88,2416.7,1902.1,2179.1,300.06, F=4102
runEM iter 6  Log likelihood: 4095.87969398757
runEM iter6 Time: 0.0078 min.
runEM iter7: Expectation
runEM iter7: Maximization
Sample1 n=0.8439, sp=0.5, phi=3.418, lambda=954.88,2416.7,1902.1,2179.1,300.06, F=4103
runEM iter 7  Log likelihood: 4096.59789877968
runEM iter7 Time: 0.0046 min.
runEM iter7: Re-calculating responsibilties from converged parameters.
runEM: Using optimal parameters from iter7
runEM: Total elapsed time: 0.066min.
runViterbi: Segmenting and classifying
runEM: Initialization
runEM iter1: Expectation
runEM iter1: Maximization
Sample1 n=0.7798, sp=0.5, phi=1.984, lambda=2294.2,664.5,869.9,186.63,45.146, F=3360
runEM iter 1  Log likelihood: 3236.95547563439
runEM iter1 Time: 0.015 min.
runEM iter2: Expectation
runEM iter2: Maximization
Sample1 n=0.8188, sp=0.5, phi=2.044, lambda=2629.3,768.24,1072,141.52,41.901, F=3581
runEM iter 2  Log likelihood: 3505.67596095438
runEM iter2 Time: 0.012 min.
runEM iter3: Expectation
runEM iter3: Maximization
Sample1 n=0.8525, sp=0.5, phi=2.19, lambda=2161.9,992.89,2145.8,570.66,34.512, F=3979
runEM iter 3  Log likelihood: 3790.56377447402
runEM iter3 Time: 0.014 min.
runEM iter4: Expectation
runEM iter4: Maximization
Sample1 n=0.8708, sp=0.5, phi=2.325, lambda=1685.5,1641.1,2300.4,569,41.937, F=4359
runEM iter 4  Log likelihood: 4204.95734624307
runEM iter4 Time: 0.011 min.
runEM iter5: Expectation
runEM iter5: Maximization
Sample1 n=0.8637, sp=0.5, phi=2.371, lambda=1548.1,1848.1,2317.5,798.87,43.926, F=4442
runEM iter 5  Log likelihood: 4421.82742747335
runEM iter5 Time: 0.0089 min.
runEM iter6: Expectation
runEM iter6: Maximization
Sample1 n=0.8542, sp=0.5, phi=2.402, lambda=2339.9,1846.9,2266.8,887.15,45.373, F=4461
runEM iter 6  Log likelihood: 4440.42505052423
runEM iter6 Time: 0.011 min.
runEM iter7: Expectation
runEM iter7: Maximization
Sample1 n=0.8541, sp=0.5, phi=2.411, lambda=2397.1,1889.2,2200.6,882.83,44.859, F=4459
runEM iter 7  Log likelihood: 4456.48470500484
runEM iter7 Time: 0.012 min.
runEM iter8: Expectation
runEM iter8: Maximization
Sample1 n=0.8543, sp=0.5, phi=2.415, lambda=2397.1,1889.2,2200.6,882.83,44.859, F=4459
runEM iter 8  Log likelihood: 4455.75997304457
runEM iter8 Time: 0.0045 min.
runEM iter7: Re-calculating responsibilties from converged parameters.
runEM: Using optimal parameters from iter7
runEM: Total elapsed time: 0.088min.
runViterbi: Segmenting and classifying
runEM: Initialization
runEM iter1: Expectation
runEM iter1: Maximization
Sample1 n=0.7827, sp=0.5, phi=2.982, lambda=955.7,2661.8,680.23,433.44,36.752, F=2851
runEM iter 1  Log likelihood: 2683.37147628847
runEM iter1 Time: 0.014 min.
runEM iter2: Expectation
runEM iter2: Maximization
Sample1 n=0.825, sp=0.5, phi=3.136, lambda=955.35,2273.8,917.75,1636.2,38.661, F=3355
runEM iter 2  Log likelihood: 3127.90841706304
runEM iter2 Time: 0.01 min.
runEM iter3: Expectation
runEM iter3: Maximization
Sample1 n=0.8607, sp=0.5, phi=3.293, lambda=955.22,1763.1,1415,2161.6,103.72, F=3856
runEM iter 3  Log likelihood: 3637.08241194449
runEM iter3 Time: 0.0095 min.
runEM iter4: Expectation
runEM iter4: Maximization
Sample1 n=0.8562, sp=0.5, phi=3.364, lambda=955.16,1592.8,1831.9,2211.6,179.73, F=4081
runEM iter 4  Log likelihood: 4037.71737186357
runEM iter4 Time: 0.0088 min.
runEM iter5: Expectation
runEM iter5: Maximization
Sample1 n=0.8443, sp=0.5, phi=3.403, lambda=954.97,2307.1,1849.5,2259.7,301.51, F=4095
runEM iter 5  Log likelihood: 4065.32945403366
runEM iter5 Time: 0.0083 min.
runEM iter6: Expectation
runEM iter6: Maximization
Sample1 n=0.8436, sp=0.5, phi=3.414, lambda=954.98,2412.6,1896.7,2188.8,301.61, F=4102
runEM iter 6  Log likelihood: 4094.82764684596
runEM iter6 Time: 0.0063 min.
runEM iter7: Expectation
runEM iter7: Maximization
Sample1 n=0.8438, sp=0.5, phi=3.417, lambda=954.98,2412.6,1896.7,2188.8,301.61, F=4103
runEM iter 7  Log likelihood: 4096.54881763256
runEM iter7 Time: 0.0045 min.
runEM iter7: Re-calculating responsibilties from converged parameters.
runEM: Using optimal parameters from iter7
runEM: Total elapsed time: 0.062min.
runViterbi: Segmenting and classifying
runEM: Initialization
runEM iter1: Expectation
runEM iter1: Maximization
Sample1 n=0.8595, sp=0.5, phi=2.125, lambda=1657.2,943.59,1660.7,171.5,34.143, F=3878
runEM iter 1  Log likelihood: 3514.06279797044
runEM iter1 Time: 0.017 min.
runEM iter2: Expectation
runEM iter2: Maximization
Sample1 n=0.8797, sp=0.5, phi=2.292, lambda=1487.8,1557.6,2288.8,347.05,29.67, F=4294
runEM iter 2  Log likelihood: 4109.5781804005
runEM iter2 Time: 0.012 min.
runEM iter3: Expectation
runEM iter3: Maximization
Sample1 n=0.8685, sp=0.5, phi=2.36, lambda=1458.3,1859.9,2323.2,715.12,41.523, F=4422
runEM iter 3  Log likelihood: 4377.35262729315
runEM iter3 Time: 0.011 min.
runEM iter4: Expectation
runEM iter4: Maximization
Sample1 n=0.8596, sp=0.5, phi=2.387, lambda=1653.4,1864.8,2279.3,832.62,44.57, F=4445
runEM iter 4  Log likelihood: 4433.05601839995
runEM iter4 Time: 0.013 min.
runEM iter5: Expectation
runEM iter5: Maximization
Sample1 n=0.8538, sp=0.5, phi=2.407, lambda=2364.9,1870.8,2231.9,887.06,45.249, F=4460
runEM iter 5  Log likelihood: 4449.8144947368
runEM iter5 Time: 0.012 min.
runEM iter6: Expectation
runEM iter6: Maximization
Sample1 n=0.8542, sp=0.5, phi=2.413, lambda=2393.6,1898.5,2183.7,876.25,44.75, F=4459
runEM iter 6  Log likelihood: 4456.04475498744
runEM iter6 Time: 0.0094 min.
runEM iter7: Expectation
runEM iter7: Maximization
Sample1 n=0.8543, sp=0.5, phi=2.415, lambda=2393.6,1898.5,2183.7,876.25,44.75, F=4459
runEM iter 7  Log likelihood: 4455.52430413269
runEM iter7 Time: 0.0045 min.
runEM iter6: Re-calculating responsibilties from converged parameters.
runEM: Using optimal parameters from iter6
runEM: Total elapsed time: 0.079min.
runViterbi: Segmenting and classifying
runEM: Initialization
runEM iter1: Expectation
runEM iter1: Maximization
Sample1 n=0.8363, sp=0.5, phi=2.982, lambda=955.24,1413.2,788.63,995.12,36.249, F=3154
runEM iter 1  Log likelihood: 2909.23958245632
runEM iter1 Time: 0.015 min.
runEM iter2: Expectation
runEM iter2: Maximization
Sample1 n=0.8788, sp=0.5, phi=3.011, lambda=955.5,1497.5,1133.3,2064.1,106.67, F=3828
runEM iter 2  Log likelihood: 3638.8508345642
runEM iter2 Time: 0.0085 min.
runEM iter3: Expectation
runEM iter3: Maximization
Sample1 n=0.903, sp=0.5, phi=3.005, lambda=3073.1,2056.2,1837.9,2346.2,130.47, F=4385
runEM iter 3  Log likelihood: 4228.75325814776
runEM iter3 Time: 0.0098 min.
runEM iter4: Expectation
runEM iter4: Maximization
Sample1 n=0.9079, sp=0.5, phi=2.999, lambda=2278.4,2127.5,2131.7,2365.2,174.14, F=4493
runEM iter 4  Log likelihood: 4489.61868272112
runEM iter4 Time: 0.011 min.
runEM iter5: Expectation
runEM iter5: Maximization
Sample1 n=0.9103, sp=0.5, phi=2.991, lambda=2152.2,2123.9,2246.7,2352.3,182.69, F=4506
runEM iter 5  Log likelihood: 4509.86003797993
runEM iter5 Time: 0.0088 min.
runEM iter6: Expectation
runEM iter6: Maximization
Sample1 n=0.9113, sp=0.5, phi=2.98, lambda=2152.2,2123.9,2246.7,2352.3,182.69, F=4512
runEM iter 6  Log likelihood: 4516.21893204987
runEM iter6 Time: 0.0046 min.
runEM iter7: Expectation
runEM iter7: Maximization
Sample1 n=0.9117, sp=0.5, phi=2.973, lambda=2152.2,2123.9,2246.7,2352.3,182.69, F=4515
runEM iter 7  Log likelihood: 4518.51209635108
runEM iter7 Time: 0.0046 min.
runEM iter7: Re-calculating responsibilties from converged parameters.
runEM: Using optimal parameters from iter7
runEM: Total elapsed time: 0.063min.
runViterbi: Segmenting and classifying
runEM: Initialization
runEM iter1: Expectation
runEM iter1: Maximization
Sample1 n=0.9085, sp=0.5, phi=2.01, lambda=1543.4,1725.9,1976.5,272.94,28.563, F=4143
runEM iter 1  Log likelihood: 3684.47136033592
runEM iter1 Time: 0.01 min.
runEM iter2: Expectation
runEM iter2: Maximization
Sample1 n=0.9104, sp=0.5, phi=2.038, lambda=1592.8,2163.9,2338.5,451.5,34.213, F=4226
runEM iter 2  Log likelihood: 4203.49341180018
runEM iter2 Time: 0.012 min.
runEM iter3: Expectation
runEM iter3: Maximization
Sample1 n=0.9102, sp=0.5, phi=2.047, lambda=1591.7,2217.4,2349,487.13,34.616, F=4222
runEM iter 3  Log likelihood: 4223.35755979075
runEM iter3 Time: 0.011 min.
runEM iter4: Expectation
runEM iter4: Maximization
Sample1 n=0.9101, sp=0.5, phi=2.052, lambda=1591.7,2217.4,2349,487.13,34.616, F=4223
runEM iter 4  Log likelihood: 4226.18177978833
runEM iter4 Time: 0.0075 min.
runEM iter4: Re-calculating responsibilties from converged parameters.
runEM: Using optimal parameters from iter4
runEM: Total elapsed time: 0.041min.
runViterbi: Segmenting and classifying
runEM: Initialization
runEM iter1: Expectation
runEM iter1: Maximization
Sample1 n=0.9109, sp=0.5, phi=2.659, lambda=1288.1,1861.8,1232.5,995.5,40.256, F=4070
runEM iter 1  Log likelihood: 3521.08491949645
runEM iter1 Time: 0.014 min.
runEM iter2: Expectation
runEM iter2: Maximization
Sample1 n=0.9034, sp=0.5, phi=2.66, lambda=1670.3,2076.6,2214.5,1935.7,101.08, F=4533
runEM iter 2  Log likelihood: 4458.3214843254
runEM iter2 Time: 0.012 min.
runEM iter3: Expectation
runEM iter3: Maximization
Sample1 n=0.9032, sp=0.5, phi=2.653, lambda=1681.8,2079,2270.5,2277.4,175.88, F=4552
runEM iter 3  Log likelihood: 4550.49376115056
runEM iter3 Time: 0.0086 min.
runEM iter4: Expectation
runEM iter4: Maximization
Sample1 n=0.9026, sp=0.5, phi=2.645, lambda=1681.3,2078.3,2288.8,2323.6,184.52, F=4554
runEM iter 4  Log likelihood: 4560.69575858991
runEM iter4 Time: 0.0069 min.
runEM iter5: Expectation
runEM iter5: Maximization
Sample1 n=0.902, sp=0.5, phi=2.637, lambda=1681.3,2078.3,2288.8,2323.6,184.52, F=4555
runEM iter 5  Log likelihood: 4562.29849456782
runEM iter5 Time: 0.0049 min.
runEM iter5: Re-calculating responsibilties from converged parameters.
runEM: Using optimal parameters from iter5
runEM: Total elapsed time: 0.046min.
runViterbi: Segmenting and classifying
runEM: Initialization
runEM iter1: Expectation
runEM iter1: Maximization
Sample1 n=0.9158, sp=0.5, phi=1.962, lambda=1527.9,1722.9,1907.3,272.63,30.745, F=3983
runEM iter 1  Log likelihood: 3403.47896274578
runEM iter1 Time: 0.013 min.
runEM iter2: Expectation
runEM iter2: Maximization
Sample1 n=0.9152, sp=0.5, phi=1.988, lambda=1592.6,2281.6,2310.4,438.03,33.097, F=4135
runEM iter 2  Log likelihood: 4110.39930508641
runEM iter2 Time: 0.013 min.
runEM iter3: Expectation
runEM iter3: Maximization
Sample1 n=0.9141, sp=0.5, phi=2, lambda=1606.8,2378.1,2337.6,480.74,33.644, F=4153
runEM iter 3  Log likelihood: 4150.47762470514
runEM iter3 Time: 0.0091 min.
runEM iter4: Expectation
runEM iter4: Maximization
Sample1 n=0.9134, sp=0.5, phi=2.011, lambda=1606.8,2378.1,2337.6,480.74,33.645, F=4165
runEM iter 4  Log likelihood: 4166.65498969199
runEM iter4 Time: 0.0045 min.
runEM iter5: Expectation
runEM iter5: Maximization
Sample1 n=0.9126, sp=0.5, phi=2.023, lambda=1615.7,2366.1,2346.9,511.29,34.014, F=4178
runEM iter 5  Log likelihood: 4181.64254912387
runEM iter5 Time: 0.0097 min.
runEM iter6: Expectation
runEM iter6: Maximization
Sample1 n=0.9121, sp=0.5, phi=2.036, lambda=1612.1,2340.4,2359.1,545.82,34.086, F=4193
runEM iter 6  Log likelihood: 4198.14135659442
runEM iter6 Time: 0.0077 min.
runEM iter7: Expectation
runEM iter7: Maximization
Sample1 n=0.9119, sp=0.5, phi=2.048, lambda=1606.9,2325.2,2389.4,619.94,34.061, F=4210
runEM iter 7  Log likelihood: 4215.57231311738
runEM iter7 Time: 0.011 min.
runEM iter8: Expectation
runEM iter8: Maximization
Sample1 n=0.9135, sp=0.5, phi=2.072, lambda=1606.8,2330.2,2506.1,889.83,33.294, F=4243
runEM iter 8  Log likelihood: 4245.45210518326
runEM iter8 Time: 0.0073 min.
runEM iter9: Expectation
runEM iter9: Maximization
Sample1 n=0.9154, sp=0.5, phi=2.095, lambda=1607.3,2354.1,2624.7,1127.2,36.878, F=4274
runEM iter 9  Log likelihood: 4277.4738472606
runEM iter9 Time: 0.0093 min.
runEM iter10: Expectation
runEM iter10: Maximization
Sample1 n=0.9179, sp=0.5, phi=2.118, lambda=1610.5,2383.1,2715.2,1729.3,114.85, F=4317
runEM iter 10  Log likelihood: 4310.48736468922
runEM iter10 Time: 0.0092 min.
runEM iter11: Expectation
runEM iter11: Maximization
Sample1 n=0.9186, sp=0.5, phi=2.126, lambda=1608.8,2392.4,2722,2234,205.04, F=4334
runEM iter 11  Log likelihood: 4333.89553888729
runEM iter11 Time: 0.0073 min.
runEM iter12: Expectation
runEM iter12: Maximization
Sample1 n=0.9188, sp=0.5, phi=2.13, lambda=1608.8,2392.4,2722,2234,205.05, F=4338
runEM iter 12  Log likelihood: 4343.30019390483
runEM iter12 Time: 0.0044 min.
runEM iter13: Expectation
runEM iter13: Maximization
Sample1 n=0.9191, sp=0.5, phi=2.134, lambda=1608.8,2392.4,2722,2234,205.05, F=4341
runEM iter 13  Log likelihood: 4346.32742745898
runEM iter13 Time: 0.0045 min.
runEM iter13: Re-calculating responsibilties from converged parameters.
runEM: Using optimal parameters from iter13
runEM: Total elapsed time: 0.11min.
runViterbi: Segmenting and classifying
runEM: Initialization
runEM iter1: Expectation
runEM iter1: Maximization
Sample1 n=0.9314, sp=0.5, phi=1.958, lambda=1831.2,1168.7,1640.2,64.759,72.705, F=3796
runEM iter 1  Log likelihood: 3029.33802174919
runEM iter1 Time: 0.016 min.
runEM iter2: Expectation
runEM iter2: Maximization
Sample1 n=0.9175, sp=0.5, phi=1.954, lambda=1588.9,2461.1,2149,146.74,312.61, F=4057
runEM iter 2  Log likelihood: 3952.91860569647
runEM iter2 Time: 0.0092 min.
runEM iter3: Expectation
runEM iter3: Maximization
Sample1 n=0.9161, sp=0.5, phi=1.982, lambda=1595.2,2415.9,2318.8,30.732,676.96, F=4132
runEM iter 3  Log likelihood: 4109.53276618646
runEM iter3 Time: 0.011 min.
runEM iter4: Expectation
runEM iter4: Maximization
Sample1 n=0.9149, sp=0.5, phi=1.997, lambda=1612.4,2418.8,2317.5,24.384,1168.8, F=4170
runEM iter 4  Log likelihood: 4161.43558582428
runEM iter4 Time: 0.0088 min.
runEM iter5: Expectation
runEM iter5: Maximization
Sample1 n=0.9137, sp=0.5, phi=2.006, lambda=1623.5,2414.6,2311.8,24.718,1275.3, F=4182
runEM iter 5  Log likelihood: 4178.94792307429
runEM iter5 Time: 0.01 min.
runEM iter6: Expectation
runEM iter6: Maximization
Sample1 n=0.913, sp=0.5, phi=2.017, lambda=1623.5,2414.6,2311.8,24.719,1275.3, F=4193
runEM iter 6  Log likelihood: 4192.40599712051
runEM iter6 Time: 0.0046 min.
runEM iter7: Expectation
runEM iter7: Maximization
Sample1 n=0.9123, sp=0.5, phi=2.028, lambda=1623.5,2414.6,2311.8,24.721,1275.3, F=4206
runEM iter 7  Log likelihood: 4205.89209383272
runEM iter7 Time: 0.0045 min.
runEM iter8: Expectation
runEM iter8: Maximization
Sample1 n=0.9116, sp=0.5, phi=2.038, lambda=1623.5,2414.6,2311.8,24.723,1275.3, F=4218
runEM iter 8  Log likelihood: 4217.69796925556
runEM iter8 Time: 0.0046 min.
runEM iter9: Expectation
runEM iter9: Maximization
Sample1 n=0.9111, sp=0.5, phi=2.045, lambda=1609.2,2310.7,2308.8,24.969,1367.8, F=4227
runEM iter 9  Log likelihood: 4226.89169754356
runEM iter9 Time: 0.015 min.
runEM iter10: Expectation
runEM iter10: Maximization
Sample1 n=0.9106, sp=0.5, phi=2.05, lambda=1609.2,2310.7,2308.8,24.97,1367.8, F=4236
runEM iter 10  Log likelihood: 4234.90356357739
runEM iter10 Time: 0.0046 min.
runEM iter11: Expectation
runEM iter11: Maximization
Sample1 n=0.9104, sp=0.5, phi=2.053, lambda=1609.2,2310.7,2308.8,24.971,1367.8, F=4240
runEM iter 11  Log likelihood: 4239.2313389462
runEM iter11 Time: 0.0045 min.
runEM iter12: Expectation
runEM iter12: Maximization
Sample1 n=0.9102, sp=0.5, phi=2.055, lambda=1609.2,2310.7,2308.8,24.972,1367.8, F=4242
runEM iter 12  Log likelihood: 4241.28215668709
runEM iter12 Time: 0.0059 min.
runEM iter12: Re-calculating responsibilties from converged parameters.
runEM: Using optimal parameters from iter12
runEM: Total elapsed time: 0.1min.
runViterbi: Segmenting and classifying
runEM: Initialization
runEM iter1: Expectation
runEM iter1: Maximization
Sample1 n=0.9655, sp=0.5, phi=2.034, lambda=1412.8,1316.4,1048.7,95.308,37.308, F=3516
runEM iter 1  Log likelihood: 3041.94197019155
runEM iter1 Time: 0.014 min.
runEM iter2: Expectation
runEM iter2: Maximization
Sample1 n=0.9293, sp=0.5, phi=1.906, lambda=1914.9,2331.5,2148.4,70.44,63.536, F=3902
runEM iter 2  Log likelihood: 3504.19461585638
runEM iter2 Time: 0.016 min.
runEM iter3: Expectation
runEM iter3: Maximization
Sample1 n=0.9189, sp=0.5, phi=1.934, lambda=1585.8,2977.2,2210.8,317.86,218.94, F=4024
runEM iter 3  Log likelihood: 3961.94074669113
runEM iter3 Time: 0.0086 min.
runEM iter4: Expectation
runEM iter4: Maximization
Sample1 n=0.9172, sp=0.5, phi=1.953, lambda=1584.3,2706.4,2325.8,1128.6,280.45, F=4085
runEM iter 4  Log likelihood: 4072.24690167138
runEM iter4 Time: 0.0082 min.
runEM iter5: Expectation
runEM iter5: Maximization
Sample1 n=0.9196, sp=0.5, phi=2.017, lambda=1608.5,2517.1,2551.8,2076.7,238.61, F=4209
runEM iter 5  Log likelihood: 4187.59167611795
runEM iter5 Time: 0.0082 min.
runEM iter6: Expectation
runEM iter6: Maximization
Sample1 n=0.9204, sp=0.5, phi=2.052, lambda=1622.1,2528.7,2653.3,2427.4,224.16, F=4249
runEM iter 6  Log likelihood: 4245.37350505387
runEM iter6 Time: 0.0078 min.
runEM iter7: Expectation
runEM iter7: Maximization
Sample1 n=0.92, sp=0.5, phi=2.073, lambda=1622.1,2528.7,2653.3,2427.4,224.16, F=4274
runEM iter 7  Log likelihood: 4277.12606127793
runEM iter7 Time: 0.0051 min.
runEM iter8: Expectation
runEM iter8: Maximization
Sample1 n=0.9194, sp=0.5, phi=2.094, lambda=1622.1,2528.7,2653.3,2427.4,224.16, F=4297
runEM iter 8  Log likelihood: 4301.4907068393
runEM iter8 Time: 0.0045 min.
runEM iter9: Expectation
runEM iter9: Maximization
Sample1 n=0.9192, sp=0.5, phi=2.112, lambda=1614.4,2427.2,2703.4,2362.6,216.04, F=4318
runEM iter 9  Log likelihood: 4322.11317943911
runEM iter9 Time: 0.011 min.
runEM iter10: Expectation
runEM iter10: Maximization
Sample1 n=0.919, sp=0.5, phi=2.124, lambda=1614.4,2427.2,2703.4,2362.6,216.04, F=4331
runEM iter 10  Log likelihood: 4336.08126968786
runEM iter10 Time: 0.0053 min.
runEM iter11: Expectation
runEM iter11: Maximization
Sample1 n=0.919, sp=0.5, phi=2.131, lambda=1614.4,2427.2,2703.4,2362.6,216.04, F=4337
runEM iter 11  Log likelihood: 4342.45049285339
runEM iter11 Time: 0.0045 min.
runEM iter12: Expectation
runEM iter12: Maximization
Sample1 n=0.9194, sp=0.5, phi=2.136, lambda=1614.4,2427.2,2703.4,2362.6,216.03, F=4341
runEM iter 12  Log likelihood: 4347.02364804319
runEM iter12 Time: 0.0045 min.
runEM iter13: Expectation
runEM iter13: Maximization
Sample1 n=0.9209, sp=0.5, phi=2.151, lambda=1610.2,2418.3,2808.2,2370.4,195.07, F=4350
runEM iter 13  Log likelihood: 4356.05211845557
runEM iter13 Time: 0.0068 min.
runEM iter14: Expectation
runEM iter14: Maximization
Sample1 n=0.9241, sp=0.5, phi=2.183, lambda=1614.2,2442,3002.2,2403.1,171.12, F=4378
runEM iter 14  Log likelihood: 4376.63499870505
runEM iter14 Time: 0.0068 min.
runEM iter15: Expectation
runEM iter15: Maximization
Sample1 n=0.925, sp=0.5, phi=2.199, lambda=1614.2,2442,3002.2,2403.1,171.11, F=4387
runEM iter 15  Log likelihood: 4391.79311069626
runEM iter15 Time: 0.0045 min.
runEM iter16: Expectation
runEM iter16: Maximization
Sample1 n=0.9252, sp=0.5, phi=2.205, lambda=1612.3,2444.7,3120.3,2444.6,165.93, F=4389
runEM iter 16  Log likelihood: 4394.19296778464
runEM iter16 Time: 0.0065 min.
runEM iter16: Re-calculating responsibilties from converged parameters.
runEM: Using optimal parameters from iter16
runEM: Total elapsed time: 0.12min.
runViterbi: Segmenting and classifying
Total ULP-WGS HMM Runtime: 1.1 min.
Writing segments to /scratch/alice/n/nhsas1/PTCL/ichorCNA/output_batch3/B3_S12_noSubclone/B3_S12_noSubclone.seg
Outputting to bin-level results to /scratch/alice/n/nhsas1/PTCL/ichorCNA/output_batch3/B3_S12_noSubclone/B3_S12_noSubclone.cna.seg
